Archive member included because of file (symbol)

/Users/thomasfinch/devkitPro/libogc/lib/wii/libwiiuse.a(wpad.o)
                              flappy.o (WPAD_Init)
/Users/thomasfinch/devkitPro/libogc/lib/wii/libwiiuse.a(motion_plus.o)
                              /Users/thomasfinch/devkitPro/libogc/lib/wii/libwiiuse.a(wpad.o) (wiiuse_set_motion_plus)
/Users/thomasfinch/devkitPro/libogc/lib/wii/libwiiuse.a(dynamics.o)
                              /Users/thomasfinch/devkitPro/libogc/lib/wii/libwiiuse.a(wpad.o) (calculate_gforce)
/Users/thomasfinch/devkitPro/libogc/lib/wii/libwiiuse.a(io.o)
                              /Users/thomasfinch/devkitPro/libogc/lib/wii/libwiiuse.a(motion_plus.o) (wiiuse_disable_expansion)
/Users/thomasfinch/devkitPro/libogc/lib/wii/libwiiuse.a(io_wii.o)
                              /Users/thomasfinch/devkitPro/libogc/lib/wii/libwiiuse.a(wpad.o) (__wiiuse_sensorbar_enable)
/Users/thomasfinch/devkitPro/libogc/lib/wii/libwiiuse.a(ir.o)
                              /Users/thomasfinch/devkitPro/libogc/lib/wii/libwiiuse.a(motion_plus.o) (wiiuse_set_ir_mode)
/Users/thomasfinch/devkitPro/libogc/lib/wii/libwiiuse.a(nunchuk.o)
                              /Users/thomasfinch/devkitPro/libogc/lib/wii/libwiiuse.a(io.o) (nunchuk_handshake)
/Users/thomasfinch/devkitPro/libogc/lib/wii/libwiiuse.a(wiiboard.o)
                              /Users/thomasfinch/devkitPro/libogc/lib/wii/libwiiuse.a(io.o) (wii_board_handshake)
/Users/thomasfinch/devkitPro/libogc/lib/wii/libwiiuse.a(wiiuse.o)
                              /Users/thomasfinch/devkitPro/libogc/lib/wii/libwiiuse.a(wpad.o) (wiiuse_init)
/Users/thomasfinch/devkitPro/libogc/lib/wii/libwiiuse.a(speaker.o)
                              /Users/thomasfinch/devkitPro/libogc/lib/wii/libwiiuse.a(wpad.o) (wencdata)
/Users/thomasfinch/devkitPro/libogc/lib/wii/libwiiuse.a(classic.o)
                              /Users/thomasfinch/devkitPro/libogc/lib/wii/libwiiuse.a(io.o) (classic_ctrl_handshake)
/Users/thomasfinch/devkitPro/libogc/lib/wii/libwiiuse.a(events.o)
                              /Users/thomasfinch/devkitPro/libogc/lib/wii/libwiiuse.a(io_wii.o) (parse_event)
/Users/thomasfinch/devkitPro/libogc/lib/wii/libwiiuse.a(guitar_hero_3.o)
                              /Users/thomasfinch/devkitPro/libogc/lib/wii/libwiiuse.a(io.o) (guitar_hero_3_handshake)
/Users/thomasfinch/devkitPro/libogc/lib/wii/libbte.a(bte.o)
                              /Users/thomasfinch/devkitPro/libogc/lib/wii/libwiiuse.a(wpad.o) (BTE_Init)
/Users/thomasfinch/devkitPro/libogc/lib/wii/libbte.a(hci.o)
                              /Users/thomasfinch/devkitPro/libogc/lib/wii/libbte.a(bte.o) (hci_init)
/Users/thomasfinch/devkitPro/libogc/lib/wii/libbte.a(l2cap.o)
                              /Users/thomasfinch/devkitPro/libogc/lib/wii/libbte.a(bte.o) (l2cap_init)
/Users/thomasfinch/devkitPro/libogc/lib/wii/libbte.a(btmemb.o)
                              /Users/thomasfinch/devkitPro/libogc/lib/wii/libbte.a(bte.o) (btmemb_init)
/Users/thomasfinch/devkitPro/libogc/lib/wii/libbte.a(btmemr.o)
                              /Users/thomasfinch/devkitPro/libogc/lib/wii/libbte.a(hci.o) (btmemr_init)
/Users/thomasfinch/devkitPro/libogc/lib/wii/libbte.a(btpbuf.o)
                              /Users/thomasfinch/devkitPro/libogc/lib/wii/libbte.a(hci.o) (btpbuf_init)
/Users/thomasfinch/devkitPro/libogc/lib/wii/libbte.a(physbusif.o)
                              /Users/thomasfinch/devkitPro/libogc/lib/wii/libbte.a(bte.o) (physbusif_init)
/Users/thomasfinch/devkitPro/libogc/lib/wii/libogc.a(lwp_queue.o)
                              /Users/thomasfinch/devkitPro/libogc/lib/wii/libwiiuse.a(io_wii.o) (__lwp_queue_initialize)
/Users/thomasfinch/devkitPro/libogc/lib/wii/libogc.a(lwp_threads.o)
                              /Users/thomasfinch/devkitPro/libogc/lib/wii/libwiiuse.a(wpad.o) (_thread_dispatch_disable_level)
/Users/thomasfinch/devkitPro/libogc/lib/wii/libogc.a(lwp.o)
                              /Users/thomasfinch/devkitPro/libogc/lib/wii/libbte.a(bte.o) (LWP_InitQueue)
/Users/thomasfinch/devkitPro/libogc/lib/wii/libogc.a(lwp_handler.o)
                              /Users/thomasfinch/devkitPro/libogc/lib/wii/libogc.a(lwp_threads.o) (_cpu_context_save_fp)
/Users/thomasfinch/devkitPro/libogc/lib/wii/libogc.a(lwp_stack.o)
                              /Users/thomasfinch/devkitPro/libogc/lib/wii/libogc.a(lwp_threads.o) (__lwp_stack_allocate)
/Users/thomasfinch/devkitPro/libogc/lib/wii/libogc.a(lwp_watchdog.o)
                              /Users/thomasfinch/devkitPro/libogc/lib/wii/libogc.a(lwp_threads.o) (_wd_ticks_queue)
/Users/thomasfinch/devkitPro/libogc/lib/wii/libogc.a(lwp_wkspace.o)
                              /Users/thomasfinch/devkitPro/libogc/lib/wii/libwiiuse.a(io.o) (__wkspace_heap)
/Users/thomasfinch/devkitPro/libogc/lib/wii/libogc.a(lwp_objmgr.o)
                              /Users/thomasfinch/devkitPro/libogc/lib/wii/libogc.a(lwp.o) (__lwp_objmgr_initinfo)
[...]
Memory Configuration

Name             Origin             Length             Attributes
*default*        0x00000000         0xffffffff

Linker script and memory map

                0x00003400                . = 0x3400

.stub
 *(.stub)
                0x80004000                . = 0x80004000

.init           0x80004000      0x194
 *crt0.o(*.init)
 .init          0x80004000      0x170 /Users/thomasfinch/devkitPro/libogc/lib/wii/libogc.a(ogc_crt0.o)
                0x80004000                _start
                0x80004140                _memset
 *(.init)
 .init          0x80004170        0xc /Users/thomasfinch/devkitPro/devkitPPC/bin/../lib/gcc/powerpc-eabi/4.8.2/ecrti.o
                0x80004170                __init
 .init          0x8000417c        0x4 /Users/thomasfinch/devkitPro/devkitPPC/bin/../lib/gcc/powerpc-eabi/4.8.2/crtbegin.o
 .init          0x80004180        0x4 /Users/thomasfinch/devkitPro/devkitPPC/bin/../lib/gcc/powerpc-eabi/4.8.2/crtend.o
 .init          0x80004184       0x10 /Users/thomasfinch/devkitPro/devkitPPC/bin/../lib/gcc/powerpc-eabi/4.8.2/ecrtn.o

.rela.dyn       0x80004194        0x0
 .rela.iplt     0x00000000        0x0 /Users/thomasfinch/devkitPro/devkitPPC/bin/../lib/gcc/powerpc-eabi/4.8.2/crtbegin.o

.plt
 *(.plt)

.interp
 *(.interp)

.hash
 *(.hash)

.dynsym
 *(.dynsym)

.dynstr
 *(.dynstr)

.gnu.version
 *(.gnu.version)

.gnu.version_d
 *(.gnu.version_d)

.gnu.version_r
 *(.gnu.version_r)

.rel.init
 *(.rel.init)

.rela.init      0x80004194        0x0
 *(.rela.init)
 .rela.init     0x00000000        0x0 /Users/thomasfinch/devkitPro/devkitPPC/bin/../lib/gcc/powerpc-eabi/4.8.2/crtbegin.o

.rel.text
 *(.rel.text .rel.text.* .rel.gnu.linkonce.t.*)

.rela.text      0x80004194        0x0
 *(.rela.text .rela.text.* .rela.gnu.linkonce.t.*)
 .rela.text     0x00000000        0x0 /Users/thomasfinch/devkitPro/devkitPPC/bin/../lib/gcc/powerpc-eabi/4.8.2/crtbegin.o
 .rela.text.drawSpriteTex
                0x00000000        0x0 /Users/thomasfinch/devkitPro/devkitPPC/bin/../lib/gcc/powerpc-eabi/4.8.2/crtbegin.o
 .rela.text.startup.main
                0x00000000        0x0 /Users/thomasfinch/devkitPro/devkitPPC/bin/../lib/gcc/powerpc-eabi/4.8.2/crtbegin.o
 .rela.text.wiiuse_handshake
                0x00000000        0x0 /Users/thomasfinch/devkitPro/devkitPPC/bin/../lib/gcc/powerpc-eabi/4.8.2/crtbegin.o
 .rela.text.wiiuse_handshake_expansion
                0x00000000        0x0 /Users/thomasfinch/devkitPro/devkitPPC/bin/../lib/gcc/powerpc-eabi/4.8.2/crtbegin.o
 .rela.text.wiiuse_init_cmd_queue
                0x00000000        0x0 /Users/thomasfinch/devkitPro/devkitPPC/bin/../lib/gcc/powerpc-eabi/4.8.2/crtbegin.o
 .rela.text.wiiuse_init
                0x00000000        0x0 /Users/thomasfinch/devkitPro/devkitPPC/bin/../lib/gcc/powerpc-eabi/4.8.2/crtbegin.o
 .rela.text.bt_alarmhandler
                0x00000000        0x0 /Users/thomasfinch/devkitPro/devkitPPC/bin/../lib/gcc/powerpc-eabi/4.8.2/crtbegin.o
 .rela.text.__lwp_thread_calcheir
                0x00000000        0x0 /Users/thomasfinch/devkitPro/devkitPPC/bin/../lib/gcc/powerpc-eabi/4.8.2/crtbegin.o
 .rela.text.__lwp_wd_insert_ticks.constprop.4
                0x00000000        0x0 /Users/thomasfinch/devkitPro/devkitPPC/bin/../lib/gcc/powerpc-eabi/4.8.2/crtbegin.o
 .rela.text.__lwp_rotate_readyqueue
                0x00000000        0x0 /Users/thomasfinch/devkitPro/devkitPPC/bin/../lib/gcc/powerpc-eabi/4.8.2/crtbegin.o
 .rela.text.__lwp_thread_setpriority
                0x00000000        0x0 /Users/thomasfinch/devkitPro/devkitPPC/bin/../lib/gcc/powerpc-eabi/4.8.2/crtbegin.o
 .rela.text.__lwp_thread_close
                0x00000000        0x0 /Users/thomasfinch/devkitPro/devkitPPC/bin/../lib/gcc/powerpc-eabi/4.8.2/crtbegin.o
 .rela.text.__lwp_thread_closeall
                0x00000000        0x0 /Users/thomasfinch/devkitPro/devkitPPC/bin/../lib/gcc/powerpc-eabi/4.8.2/crtbegin.o
 .rela.text.__lwp_thread_startmultitasking
                0x00000000        0x0 /Users/thomasfinch/devkitPro/devkitPPC/bin/../lib/gcc/powerpc-eabi/4.8.2/crtbegin.o
 .rela.text.__lwp_thread_stopmultitasking
                0x00000000        0x0 /Users/thomasfinch/devkitPro/devkitPPC/bin/../lib/gcc/powerpc-eabi/4.8.2/crtbegin.o
 .rela.text.__lwp_thread_coreinit
                0x00000000        0x0 /Users/thomasfinch/devkitPro/devkitPPC/bin/../lib/gcc/powerpc-eabi/4.8.2/crtbegin.o
 .rela.text.__lwp_cntrl_open
                0x00000000        0x0 /Users/thomasfinch/devkitPro/devkitPPC/bin/../lib/gcc/powerpc-eabi/4.8.2/crtbegin.o
 .rela.text.__lwp_tqueue_open
                0x00000000        0x0 /Users/thomasfinch/devkitPro/devkitPPC/bin/../lib/gcc/powerpc-eabi/4.8.2/crtbegin.o
 .rela.text.__lwp_cntrl_free
                0x00000000        0x0 /Users/thomasfinch/devkitPro/devkitPPC/bin/../lib/gcc/powerpc-eabi/4.8.2/crtbegin.o
 .rela.text.__lwp_sysinit
                0x00000000        0x0 /Users/thomasfinch/devkitPro/devkitPPC/bin/../lib/gcc/powerpc-eabi/4.8.2/crtbegin.o
 .rela.text.__lwp_thread_isalive
                0x00000000        0x0 /Users/thomasfinch/devkitPro/devkitPPC/bin/../lib/gcc/powerpc-eabi/4.8.2/crtbegin.o
 .rela.text.__lwp_thread_exists
                0x00000000        0x0 /Users/thomasfinch/devkitPro/devkitPPC/bin/../lib/gcc/powerpc-eabi/4.8.2/crtbegin.o
 .rela.text.__lwp_thread_context
                0x00000000        0x0 /Users/thomasfinch/devkitPro/devkitPPC/bin/../lib/gcc/powerpc-eabi/4.8.2/crtbegin.o
 .rela.text.LWP_CreateThread
                0x00000000        0x0 /Users/thomasfinch/devkitPro/devkitPPC/bin/../lib/gcc/powerpc-eabi/4.8.2/crtbegin.o
 .rela.text.LWP_InitQueue
                0x00000000        0x0 /Users/thomasfinch/devkitPro/devkitPPC/bin/../lib/gcc/powerpc-eabi/4.8.2/crtbegin.o
 .rela.text.LWP_CloseQueue
                0x00000000        0x0 /Users/thomasfinch/devkitPro/devkitPPC/bin/../lib/gcc/powerpc-eabi/4.8.2/crtbegin.o
 .rela.text.__lwp_stack_allocate
                0x00000000        0x0 /Users/thomasfinch/devkitPro/devkitPPC/bin/../lib/gcc/powerpc-eabi/4.8.2/crtbegin.o
 .rela.text.__lwp_stack_free
                0x00000000        0x0 /Users/thomasfinch/devkitPro/devkitPPC/bin/../lib/gcc/powerpc-eabi/4.8.2/crtbegin.o
 .rela.text.__lwp_watchdog_init
                0x00000000        0x0 /Users/thomasfinch/devkitPro/devkitPPC/bin/../lib/gcc/powerpc-eabi/4.8.2/crtbegin.o
 .rela.text.__lwp_wd_tickle
                0x00000000        0x0 /Users/thomasfinch/devkitPro/devkitPPC/bin/../lib/gcc/powerpc-eabi/4.8.2/crtbegin.o
 .rela.text.__lwp_wkspace_heapfree
                0x00000000        0x0 /Users/thomasfinch/devkitPro/devkitPPC/bin/../lib/gcc/powerpc-eabi/4.8.2/crtbegin.o
 .rela.text.__lwp_wkspace_heapused
                0x00000000        0x0 /Users/thomasfinch/devkitPro/devkitPPC/bin/../lib/gcc/powerpc-eabi/4.8.2/crtbegin.o
 .rela.text.__lwp_wkspace_init
                0x00000000        0x0 /Users/thomasfinch/devkitPro/devkitPPC/bin/../lib/gcc/powerpc-eabi/4.8.2/crtbegin.o
 .rela.text.__lwp_objmgr_initinfo
                0x00000000        0x0 /Users/thomasfinch/devkitPro/devkitPPC/bin/../lib/gcc/powerpc-eabi/4.8.2/crtbegin.o
 .rela.text.__irq_init
                0x00000000        0x0 /Users/thomasfinch/devkitPro/devkitPPC/bin/../lib/gcc/powerpc-eabi/4.8.2/crtbegin.o
 .rela.text.__call_resetfuncs
                0x00000000        0x0 /Users/thomasfinch/devkitPro/devkitPPC/bin/../lib/gcc/powerpc-eabi/4.8.2/crtbegin.o
 .rela.text.__locksram
                0x00000000        0x0 /Users/thomasfinch/devkitPro/devkitPPC/bin/../lib/gcc/powerpc-eabi/4.8.2/crtbegin.o
 .rela.text.__lwp_wd_insert_ticks
                0x00000000        0x0 /Users/thomasfinch/devkitPro/devkitPPC/bin/../lib/gcc/powerpc-eabi/4.8.2/crtbegin.o
 .rela.text.__sram_writecallback
                0x00000000        0x0 /Users/thomasfinch/devkitPro/devkitPPC/bin/../lib/gcc/powerpc-eabi/4.8.2/crtbegin.o
 .rela.text.__unlocksram
                0x00000000        0x0 /Users/thomasfinch/devkitPro/devkitPPC/bin/../lib/gcc/powerpc-eabi/4.8.2/crtbegin.o
 .rela.text.__sram_init
                0x00000000        0x0 /Users/thomasfinch/devkitPro/devkitPPC/bin/../lib/gcc/powerpc-eabi/4.8.2/crtbegin.o
 .rela.text.__SYS_SyncSram
                0x00000000        0x0 /Users/thomasfinch/devkitPro/devkitPPC/bin/../lib/gcc/powerpc-eabi/4.8.2/crtbegin.o
 .rela.text.SYS_Init
                0x00000000        0x0 /Users/thomasfinch/devkitPro/devkitPPC/bin/../lib/gcc/powerpc-eabi/4.8.2/crtbegin.o
 .rela.text.SYS_RemoveAlarm
                0x00000000        0x0 /Users/thomasfinch/devkitPro/devkitPPC/bin/../lib/gcc/powerpc-eabi/4.8.2/crtbegin.o
 .rela.text.SYS_CancelAlarm
                0x00000000        0x0 /Users/thomasfinch/devkitPro/devkitPPC/bin/../lib/gcc/powerpc-eabi/4.8.2/crtbegin.o
 .rela.text.__lwp_cond_open
                0x00000000        0x0 /Users/thomasfinch/devkitPro/devkitPPC/bin/../lib/gcc/powerpc-eabi/4.8.2/crtbegin.o
 .rela.text.__lwp_cond_init
                0x00000000        0x0 /Users/thomasfinch/devkitPro/devkitPPC/bin/../lib/gcc/powerpc-eabi/4.8.2/crtbegin.o
 .rela.text.LWP_CondInit
                0x00000000        0x0 /Users/thomasfinch/devkitPro/devkitPPC/bin/../lib/gcc/powerpc-eabi/4.8.2/crtbegin.o
 .rela.text.LWP_CondDestroy
                0x00000000        0x0 /Users/thomasfinch/devkitPro/devkitPPC/bin/../lib/gcc/powerpc-eabi/4.8.2/crtbegin.o
 .rela.text.__GX_FifoLink
                0x00000000        0x0 /Users/thomasfinch/devkitPro/devkitPPC/bin/../lib/gcc/powerpc-eabi/4.8.2/crtbegin.o
 .rela.text.__GX_WriteFifoIntEnable
                0x00000000        0x0 /Users/thomasfinch/devkitPro/devkitPPC/bin/../lib/gcc/powerpc-eabi/4.8.2/crtbegin.o
 .rela.text.__GX_FifoReadEnable
                0x00000000        0x0 /Users/thomasfinch/devkitPro/devkitPPC/bin/../lib/gcc/powerpc-eabi/4.8.2/crtbegin.o
 .rela.text.__GX_FifoReadDisable
                0x00000000        0x0 /Users/thomasfinch/devkitPro/devkitPPC/bin/../lib/gcc/powerpc-eabi/4.8.2/crtbegin.o
 .rela.text.__GX_InitRevBits
                0x00000000        0x0 /Users/thomasfinch/devkitPro/devkitPPC/bin/../lib/gcc/powerpc-eabi/4.8.2/crtbegin.o
 .rela.text.__GXDefTexRegionCallback
                0x00000000        0x0 /Users/thomasfinch/devkitPro/devkitPPC/bin/../lib/gcc/powerpc-eabi/4.8.2/crtbegin.o
 .rela.text.__GXDefTlutRegionCallback
                0x00000000        0x0 /Users/thomasfinch/devkitPro/devkitPPC/bin/../lib/gcc/powerpc-eabi/4.8.2/crtbegin.o
 .rela.text.__GX_FlushTextureState
                0x00000000        0x0 /Users/thomasfinch/devkitPro/devkitPPC/bin/../lib/gcc/powerpc-eabi/4.8.2/crtbegin.o
 .rela.text.__SetSURegs
                0x00000000        0x0 /Users/thomasfinch/devkitPro/devkitPPC/bin/../lib/gcc/powerpc-eabi/4.8.2/crtbegin.o
 .rela.text.__SETVCDFMT
                0x00000000        0x0 /Users/thomasfinch/devkitPro/devkitPPC/bin/../lib/gcc/powerpc-eabi/4.8.2/crtbegin.o
 .rela.text.__GX_SetMatrixIndex.part.1
                0x00000000        0x0 /Users/thomasfinch/devkitPro/devkitPPC/bin/../lib/gcc/powerpc-eabi/4.8.2/crtbegin.o
 .rela.text.__SETVCDATTR
                0x00000000        0x0 /Users/thomasfinch/devkitPro/devkitPPC/bin/../lib/gcc/powerpc-eabi/4.8.2/crtbegin.o
 .rela.text.__GX_WriteFifoIntReset.constprop.11
                0x00000000        0x0 /Users/thomasfinch/devkitPro/devkitPPC/bin/../lib/gcc/powerpc-eabi/4.8.2/crtbegin.o
 .rela.text.__GXCPInterruptHandler
                0x00000000        0x0 /Users/thomasfinch/devkitPro/devkitPPC/bin/../lib/gcc/powerpc-eabi/4.8.2/crtbegin.o
 .rela.text.__GX_SetDirtyState
                0x00000000        0x0 /Users/thomasfinch/devkitPro/devkitPPC/bin/../lib/gcc/powerpc-eabi/4.8.2/crtbegin.o
 .rela.text.GX_Flush
                0x00000000        0x0 /Users/thomasfinch/devkitPro/devkitPPC/bin/../lib/gcc/powerpc-eabi/4.8.2/crtbegin.o
 .rela.text.GX_EnableBreakPt
                0x00000000        0x0 /Users/thomasfinch/devkitPro/devkitPPC/bin/../lib/gcc/powerpc-eabi/4.8.2/crtbegin.o
 .rela.text.GX_DisableBreakPt
                0x00000000        0x0 /Users/thomasfinch/devkitPro/devkitPPC/bin/../lib/gcc/powerpc-eabi/4.8.2/crtbegin.o
 .rela.text.GX_AbortFrame
                0x00000000        0x0 /Users/thomasfinch/devkitPro/devkitPPC/bin/../lib/gcc/powerpc-eabi/4.8.2/crtbegin.o
 .rela.text.GX_PixModeSync
                0x00000000        0x0 /Users/thomasfinch/devkitPro/devkitPPC/bin/../lib/gcc/powerpc-eabi/4.8.2/crtbegin.o
 .rela.text.GX_SetMisc
                0x00000000        0x0 /Users/thomasfinch/devkitPro/devkitPPC/bin/../lib/gcc/powerpc-eabi/4.8.2/crtbegin.o
 .rela.text.GX_SetCopyClamp
                0x00000000        0x0 /Users/thomasfinch/devkitPro/devkitPPC/bin/../lib/gcc/powerpc-eabi/4.8.2/crtbegin.o
 .rela.text.GX_SetDispCopyGamma
                0x00000000        0x0 /Users/thomasfinch/devkitPro/devkitPPC/bin/../lib/gcc/powerpc-eabi/4.8.2/crtbegin.o
 .rela.text.GX_SetDispCopyFrame2Field
                0x00000000        0x0 /Users/thomasfinch/devkitPro/devkitPPC/bin/../lib/gcc/powerpc-eabi/4.8.2/crtbegin.o
 .rela.text.GX_SetDispCopyYScale
                0x00000000        0x0 /Users/thomasfinch/devkitPro/devkitPPC/bin/../lib/gcc/powerpc-eabi/4.8.2/crtbegin.o
 .rela.text.GX_SetDispCopyDst
                0x00000000        0x0 /Users/thomasfinch/devkitPro/devkitPPC/bin/../lib/gcc/powerpc-eabi/4.8.2/crtbegin.o
 .rela.text.GX_SetDispCopySrc
                0x00000000        0x0 /Users/thomasfinch/devkitPro/devkitPPC/bin/../lib/gcc/powerpc-eabi/4.8.2/crtbegin.o
 .rela.text.GX_CopyDisp
                0x00000000        0x0 /Users/thomasfinch/devkitPro/devkitPPC/bin/../lib/gcc/powerpc-eabi/4.8.2/crtbegin.o
 .rela.text.GX_CopyTex
                0x00000000        0x0 /Users/thomasfinch/devkitPro/devkitPPC/bin/../lib/gcc/powerpc-eabi/4.8.2/crtbegin.o
 .rela.text.GX_SetTexCopySrc
                0x00000000        0x0 /Users/thomasfinch/devkitPro/devkitPPC/bin/../lib/gcc/powerpc-eabi/4.8.2/crtbegin.o
 .rela.text.GX_SetTexCopyDst
                0x00000000        0x0 /Users/thomasfinch/devkitPro/devkitPPC/bin/../lib/gcc/powerpc-eabi/4.8.2/crtbegin.o
 .rela.text.GX_BeginDispList
                0x00000000        0x0 /Users/thomasfinch/devkitPro/devkitPPC/bin/../lib/gcc/powerpc-eabi/4.8.2/crtbegin.o
 .rela.text.GX_EndDispList
                0x00000000        0x0 /Users/thomasfinch/devkitPro/devkitPPC/bin/../lib/gcc/powerpc-eabi/4.8.2/crtbegin.o
 .rela.text.GX_CallDispList
                0x00000000        0x0 /Users/thomasfinch/devkitPro/devkitPPC/bin/../lib/gcc/powerpc-eabi/4.8.2/crtbegin.o
 .rela.text.GX_SetChanCtrl
                0x00000000        0x0 /Users/thomasfinch/devkitPro/devkitPPC/bin/../lib/gcc/powerpc-eabi/4.8.2/crtbegin.o
 .rela.text.GX_SetChanAmbColor
                0x00000000        0x0 /Users/thomasfinch/devkitPro/devkitPPC/bin/../lib/gcc/powerpc-eabi/4.8.2/crtbegin.o
 .rela.text.GX_SetChanMatColor
                0x00000000        0x0 /Users/thomasfinch/devkitPro/devkitPPC/bin/../lib/gcc/powerpc-eabi/4.8.2/crtbegin.o
 .rela.text.GX_SetVtxDesc
                0x00000000        0x0 /Users/thomasfinch/devkitPro/devkitPPC/bin/../lib/gcc/powerpc-eabi/4.8.2/crtbegin.o
 .rela.text.GX_SetVtxDescv
                0x00000000        0x0 /Users/thomasfinch/devkitPro/devkitPPC/bin/../lib/gcc/powerpc-eabi/4.8.2/crtbegin.o
 .rela.text.GX_GetVtxDescv
                0x00000000        0x0 /Users/thomasfinch/devkitPro/devkitPPC/bin/../lib/gcc/powerpc-eabi/4.8.2/crtbegin.o
 .rela.text.GX_SetVtxAttrFmt
                0x00000000        0x0 /Users/thomasfinch/devkitPro/devkitPPC/bin/../lib/gcc/powerpc-eabi/4.8.2/crtbegin.o
 .rela.text.GX_SetVtxAttrFmtv
                0x00000000        0x0 /Users/thomasfinch/devkitPro/devkitPPC/bin/../lib/gcc/powerpc-eabi/4.8.2/crtbegin.o
 .rela.text.GX_Begin
                0x00000000        0x0 /Users/thomasfinch/devkitPro/devkitPPC/bin/../lib/gcc/powerpc-eabi/4.8.2/crtbegin.o
 .rela.text.GX_SetTexCoordGen2
                0x00000000        0x0 /Users/thomasfinch/devkitPro/devkitPPC/bin/../lib/gcc/powerpc-eabi/4.8.2/crtbegin.o
 .rela.text.GX_SetCurrentMtx
                0x00000000        0x0 /Users/thomasfinch/devkitPro/devkitPPC/bin/../lib/gcc/powerpc-eabi/4.8.2/crtbegin.o
 .rela.text.GX_SetNumTexGens
                0x00000000        0x0 /Users/thomasfinch/devkitPro/devkitPPC/bin/../lib/gcc/powerpc-eabi/4.8.2/crtbegin.o
 .rela.text.GX_SetZMode
                0x00000000        0x0 /Users/thomasfinch/devkitPro/devkitPPC/bin/../lib/gcc/powerpc-eabi/4.8.2/crtbegin.o
 .rela.text.GX_LoadTexObjPreloaded
                0x00000000        0x0 /Users/thomasfinch/devkitPro/devkitPPC/bin/../lib/gcc/powerpc-eabi/4.8.2/crtbegin.o
 .rela.text.GX_SetTexCoordScaleManually
                0x00000000        0x0 /Users/thomasfinch/devkitPro/devkitPPC/bin/../lib/gcc/powerpc-eabi/4.8.2/crtbegin.o
 .rela.text.GX_SetTexCoordCylWrap
                0x00000000        0x0 /Users/thomasfinch/devkitPro/devkitPPC/bin/../lib/gcc/powerpc-eabi/4.8.2/crtbegin.o
 .rela.text.GX_SetTexCoordBias
                0x00000000        0x0 /Users/thomasfinch/devkitPro/devkitPPC/bin/../lib/gcc/powerpc-eabi/4.8.2/crtbegin.o
 .rela.text.GX_SetBlendMode
                0x00000000        0x0 /Users/thomasfinch/devkitPro/devkitPPC/bin/../lib/gcc/powerpc-eabi/4.8.2/crtbegin.o
 .rela.text.GX_ClearVtxDesc
                0x00000000        0x0 /Users/thomasfinch/devkitPro/devkitPPC/bin/../lib/gcc/powerpc-eabi/4.8.2/crtbegin.o
 .rela.text.GX_SetLineWidth
                0x00000000        0x0 /Users/thomasfinch/devkitPro/devkitPPC/bin/../lib/gcc/powerpc-eabi/4.8.2/crtbegin.o
 .rela.text.GX_SetPointSize
                0x00000000        0x0 /Users/thomasfinch/devkitPro/devkitPPC/bin/../lib/gcc/powerpc-eabi/4.8.2/crtbegin.o
 .rela.text.GX_SetTevColorIn
                0x00000000        0x0 /Users/thomasfinch/devkitPro/devkitPPC/bin/../lib/gcc/powerpc-eabi/4.8.2/crtbegin.o
 .rela.text.GX_SetTevAlphaIn
                0x00000000        0x0 /Users/thomasfinch/devkitPro/devkitPPC/bin/../lib/gcc/powerpc-eabi/4.8.2/crtbegin.o
 .rela.text.GX_SetTevColorOp
                0x00000000        0x0 /Users/thomasfinch/devkitPro/devkitPPC/bin/../lib/gcc/powerpc-eabi/4.8.2/crtbegin.o
 .rela.text.GX_SetTevAlphaOp
                0x00000000        0x0 /Users/thomasfinch/devkitPro/devkitPPC/bin/../lib/gcc/powerpc-eabi/4.8.2/crtbegin.o
 .rela.text.GX_SetCullMode
                0x00000000        0x0 /Users/thomasfinch/devkitPro/devkitPPC/bin/../lib/gcc/powerpc-eabi/4.8.2/crtbegin.o
 .rela.text.GX_SetCoPlanar
                0x00000000        0x0 /Users/thomasfinch/devkitPro/devkitPPC/bin/../lib/gcc/powerpc-eabi/4.8.2/crtbegin.o
 .rela.text.GX_EnableTexOffsets
                0x00000000        0x0 /Users/thomasfinch/devkitPro/devkitPPC/bin/../lib/gcc/powerpc-eabi/4.8.2/crtbegin.o
 .rela.text.GX_SetScissor
                0x00000000        0x0 /Users/thomasfinch/devkitPro/devkitPPC/bin/../lib/gcc/powerpc-eabi/4.8.2/crtbegin.o
 .rela.text.GX_SetNumChans
                0x00000000        0x0 /Users/thomasfinch/devkitPro/devkitPPC/bin/../lib/gcc/powerpc-eabi/4.8.2/crtbegin.o
 .rela.text.GX_SetTevOrder
                0x00000000        0x0 /Users/thomasfinch/devkitPro/devkitPPC/bin/../lib/gcc/powerpc-eabi/4.8.2/crtbegin.o
 .rela.text.GX_SetNumTevStages
                0x00000000        0x0 /Users/thomasfinch/devkitPro/devkitPPC/bin/../lib/gcc/powerpc-eabi/4.8.2/crtbegin.o
 .rela.text.GX_SetTevKColorSel
                0x00000000        0x0 /Users/thomasfinch/devkitPro/devkitPPC/bin/../lib/gcc/powerpc-eabi/4.8.2/crtbegin.o
 .rela.text.GX_SetTevKAlphaSel
                0x00000000        0x0 /Users/thomasfinch/devkitPro/devkitPPC/bin/../lib/gcc/powerpc-eabi/4.8.2/crtbegin.o
 .rela.text.GX_SetTevSwapMode
                0x00000000        0x0 /Users/thomasfinch/devkitPro/devkitPPC/bin/../lib/gcc/powerpc-eabi/4.8.2/crtbegin.o
 .rela.text.GX_SetTevSwapModeTable
                0x00000000        0x0 /Users/thomasfinch/devkitPro/devkitPPC/bin/../lib/gcc/powerpc-eabi/4.8.2/crtbegin.o
 .rela.text.GX_SetNumIndStages
                0x00000000        0x0 /Users/thomasfinch/devkitPro/devkitPPC/bin/../lib/gcc/powerpc-eabi/4.8.2/crtbegin.o
 .rela.text.GX_SetIndTexCoordScale
                0x00000000        0x0 /Users/thomasfinch/devkitPro/devkitPPC/bin/../lib/gcc/powerpc-eabi/4.8.2/crtbegin.o
 .rela.text.GX_SetColorUpdate
                0x00000000        0x0 /Users/thomasfinch/devkitPro/devkitPPC/bin/../lib/gcc/powerpc-eabi/4.8.2/crtbegin.o
 .rela.text.GX_SetAlphaUpdate
                0x00000000        0x0 /Users/thomasfinch/devkitPro/devkitPPC/bin/../lib/gcc/powerpc-eabi/4.8.2/crtbegin.o
 .rela.text.GX_SetZCompLoc
                0x00000000        0x0 /Users/thomasfinch/devkitPro/devkitPPC/bin/../lib/gcc/powerpc-eabi/4.8.2/crtbegin.o
 .rela.text.GX_SetPixelFmt
                0x00000000        0x0 /Users/thomasfinch/devkitPro/devkitPPC/bin/../lib/gcc/powerpc-eabi/4.8.2/crtbegin.o
 .rela.text.GX_SetDither
                0x00000000        0x0 /Users/thomasfinch/devkitPro/devkitPPC/bin/../lib/gcc/powerpc-eabi/4.8.2/crtbegin.o
 .rela.text.GX_SetDstAlpha
                0x00000000        0x0 /Users/thomasfinch/devkitPro/devkitPPC/bin/../lib/gcc/powerpc-eabi/4.8.2/crtbegin.o
 .rela.text.GX_SetFieldMode
                0x00000000        0x0 /Users/thomasfinch/devkitPro/devkitPPC/bin/../lib/gcc/powerpc-eabi/4.8.2/crtbegin.o
 .rela.text.GX_SetIndTexOrder
                0x00000000        0x0 /Users/thomasfinch/devkitPro/devkitPPC/bin/../lib/gcc/powerpc-eabi/4.8.2/crtbegin.o
 .rela.text.GX_SetGPMetric
                0x00000000        0x0 /Users/thomasfinch/devkitPro/devkitPPC/bin/../lib/gcc/powerpc-eabi/4.8.2/crtbegin.o
 .rela.text.GX_Init
                0x00000000        0x0 /Users/thomasfinch/devkitPro/devkitPPC/bin/../lib/gcc/powerpc-eabi/4.8.2/crtbegin.o
 .rela.text.GX_ReadGPMetric
                0x00000000        0x0 /Users/thomasfinch/devkitPro/devkitPPC/bin/../lib/gcc/powerpc-eabi/4.8.2/crtbegin.o
 .rela.text.c_decrementer_handler
                0x00000000        0x0 /Users/thomasfinch/devkitPro/devkitPPC/bin/../lib/gcc/powerpc-eabi/4.8.2/crtbegin.o
 .rela.text.__lwp_mqbox_open
                0x00000000        0x0 /Users/thomasfinch/devkitPro/devkitPPC/bin/../lib/gcc/powerpc-eabi/4.8.2/crtbegin.o
 .rela.text.__lwp_mqbox_init
                0x00000000        0x0 /Users/thomasfinch/devkitPro/devkitPPC/bin/../lib/gcc/powerpc-eabi/4.8.2/crtbegin.o
 .rela.text.MQ_Init
                0x00000000        0x0 /Users/thomasfinch/devkitPro/devkitPPC/bin/../lib/gcc/powerpc-eabi/4.8.2/crtbegin.o
 .rela.text.MQ_Close
                0x00000000        0x0 /Users/thomasfinch/devkitPro/devkitPPC/bin/../lib/gcc/powerpc-eabi/4.8.2/crtbegin.o
 .rela.text.__lwp_wkspace_free
                0x00000000        0x0 /Users/thomasfinch/devkitPro/devkitPPC/bin/../lib/gcc/powerpc-eabi/4.8.2/crtbegin.o
 .rela.text.__ios_ioctlvformat_parse
                0x00000000        0x0 /Users/thomasfinch/devkitPro/devkitPPC/bin/../lib/gcc/powerpc-eabi/4.8.2/crtbegin.o
 .rela.text.IOS_IoctlvFormat
                0x00000000        0x0 /Users/thomasfinch/devkitPro/devkitPPC/bin/../lib/gcc/powerpc-eabi/4.8.2/crtbegin.o
 .rela.text.IOS_IoctlvFormatAsync
                0x00000000        0x0 /Users/thomasfinch/devkitPro/devkitPPC/bin/../lib/gcc/powerpc-eabi/4.8.2/crtbegin.o
 .rela.text.nanosleep
                0x00000000        0x0 /Users/thomasfinch/devkitPro/devkitPPC/bin/../lib/gcc/powerpc-eabi/4.8.2/crtbegin.o
 .rela.text.__libc_delete_hook
                0x00000000        0x0 /Users/thomasfinch/devkitPro/devkitPPC/bin/../lib/gcc/powerpc-eabi/4.8.2/crtbegin.o
 .rela.text.__libc_init
                0x00000000        0x0 /Users/thomasfinch/devkitPro/devkitPPC/bin/../lib/gcc/powerpc-eabi/4.8.2/crtbegin.o
 .rela.text.__libc_wrapup
                0x00000000        0x0 /Users/thomasfinch/devkitPro/devkitPPC/bin/../lib/gcc/powerpc-eabi/4.8.2/crtbegin.o
 .rela.text.__CheckARGV
                0x00000000        0x0 /Users/thomasfinch/devkitPro/devkitPPC/bin/../lib/gcc/powerpc-eabi/4.8.2/crtbegin.o
 .rela.text.__lwp_priority_init
                0x00000000        0x0 /Users/thomasfinch/devkitPro/devkitPPC/bin/../lib/gcc/powerpc-eabi/4.8.2/crtbegin.o
 .rela.text.__lwp_threadqueue_enqueuefifo
                0x00000000        0x0 /Users/thomasfinch/devkitPro/devkitPPC/bin/../lib/gcc/powerpc-eabi/4.8.2/crtbegin.o
 .rela.text.__lwp_threadqueue_dequeuefifo
                0x00000000        0x0 /Users/thomasfinch/devkitPro/devkitPPC/bin/../lib/gcc/powerpc-eabi/4.8.2/crtbegin.o
 .rela.text.__lwp_threadqueue_enqueuepriority
                0x00000000        0x0 /Users/thomasfinch/devkitPro/devkitPPC/bin/../lib/gcc/powerpc-eabi/4.8.2/crtbegin.o
 .rela.text.__lwp_threadqueue_dequeuepriority
                0x00000000        0x0 /Users/thomasfinch/devkitPro/devkitPPC/bin/../lib/gcc/powerpc-eabi/4.8.2/crtbegin.o
 .rela.text.__lwp_threadqueue_enqueue
                0x00000000        0x0 /Users/thomasfinch/devkitPro/devkitPPC/bin/../lib/gcc/powerpc-eabi/4.8.2/crtbegin.o
 .rela.text.__lwp_threadqueue_extractfifo
                0x00000000        0x0 /Users/thomasfinch/devkitPro/devkitPPC/bin/../lib/gcc/powerpc-eabi/4.8.2/crtbegin.o
 .rela.text.__lwp_threadqueue_extractpriority
                0x00000000        0x0 /Users/thomasfinch/devkitPro/devkitPPC/bin/../lib/gcc/powerpc-eabi/4.8.2/crtbegin.o
 .rela.text.__lwpmq_initialize
                0x00000000        0x0 /Users/thomasfinch/devkitPro/devkitPPC/bin/../lib/gcc/powerpc-eabi/4.8.2/crtbegin.o
 .rela.text.__lwpmq_close
                0x00000000        0x0 /Users/thomasfinch/devkitPro/devkitPPC/bin/../lib/gcc/powerpc-eabi/4.8.2/crtbegin.o
 .rela.text.__systemcall_init
                0x00000000        0x0 /Users/thomasfinch/devkitPro/devkitPPC/bin/../lib/gcc/powerpc-eabi/4.8.2/crtbegin.o
 .rela.text.__exception_init
                0x00000000        0x0 /Users/thomasfinch/devkitPro/devkitPPC/bin/../lib/gcc/powerpc-eabi/4.8.2/crtbegin.o
 .rela.text.__exception_close
                0x00000000        0x0 /Users/thomasfinch/devkitPro/devkitPPC/bin/../lib/gcc/powerpc-eabi/4.8.2/crtbegin.o
 .rela.text.__exception_sethandler
                0x00000000        0x0 /Users/thomasfinch/devkitPro/devkitPPC/bin/../lib/gcc/powerpc-eabi/4.8.2/crtbegin.o
 .rela.text.__lwp_sema_open
                0x00000000        0x0 /Users/thomasfinch/devkitPro/devkitPPC/bin/../lib/gcc/powerpc-eabi/4.8.2/crtbegin.o
 .rela.text.__lwp_sema_init
                0x00000000        0x0 /Users/thomasfinch/devkitPro/devkitPPC/bin/../lib/gcc/powerpc-eabi/4.8.2/crtbegin.o
 .rela.text.LWP_SemInit
                0x00000000        0x0 /Users/thomasfinch/devkitPro/devkitPPC/bin/../lib/gcc/powerpc-eabi/4.8.2/crtbegin.o
 .rela.text.LWP_SemDestroy
                0x00000000        0x0 /Users/thomasfinch/devkitPro/devkitPPC/bin/../lib/gcc/powerpc-eabi/4.8.2/crtbegin.o
 .rela.text.__lwp_mutex_locksupp.constprop.7
                0x00000000        0x0 /Users/thomasfinch/devkitPro/devkitPPC/bin/../lib/gcc/powerpc-eabi/4.8.2/crtbegin.o
 .rela.text.__lwp_mutex_init
                0x00000000        0x0 /Users/thomasfinch/devkitPro/devkitPPC/bin/../lib/gcc/powerpc-eabi/4.8.2/crtbegin.o
 .rela.text.LWP_MutexInit
                0x00000000        0x0 /Users/thomasfinch/devkitPro/devkitPPC/bin/../lib/gcc/powerpc-eabi/4.8.2/crtbegin.o
 .rela.text.LWP_MutexDestroy
                0x00000000        0x0 /Users/thomasfinch/devkitPro/devkitPPC/bin/../lib/gcc/powerpc-eabi/4.8.2/crtbegin.o
 .rela.text.LWP_MutexUnlock
                0x00000000        0x0 /Users/thomasfinch/devkitPro/devkitPPC/bin/../lib/gcc/powerpc-eabi/4.8.2/crtbegin.o
 .rela.text.kprintf
                0x00000000        0x0 /Users/thomasfinch/devkitPro/devkitPPC/bin/../lib/gcc/powerpc-eabi/4.8.2/crtbegin.o
 .rela.text.__console_init
                0x00000000        0x0 /Users/thomasfinch/devkitPro/devkitPPC/bin/../lib/gcc/powerpc-eabi/4.8.2/crtbegin.o
 .rela.text.__console_init_ex
                0x00000000        0x0 /Users/thomasfinch/devkitPro/devkitPPC/bin/../lib/gcc/powerpc-eabi/4.8.2/crtbegin.o
 .rela.text.CON_EnableGecko
                0x00000000        0x0 /Users/thomasfinch/devkitPro/devkitPPC/bin/../lib/gcc/powerpc-eabi/4.8.2/crtbegin.o
 .rela.text.atangent
                0x00000000        0x0 /Users/thomasfinch/devkitPro/devkitPPC/bin/../lib/gcc/powerpc-eabi/4.8.2/crtbegin.o
 .rela.text.calloc
                0x00000000        0x0 /Users/thomasfinch/devkitPro/devkitPPC/bin/../lib/gcc/powerpc-eabi/4.8.2/crtbegin.o
 .rela.text.__errno
                0x00000000        0x0 /Users/thomasfinch/devkitPro/devkitPPC/bin/../lib/gcc/powerpc-eabi/4.8.2/crtbegin.o
 .rela.text.exit
                0x00000000        0x0 /Users/thomasfinch/devkitPro/devkitPPC/bin/../lib/gcc/powerpc-eabi/4.8.2/crtbegin.o
 .rela.text.fclose
                0x00000000        0x0 /Users/thomasfinch/devkitPro/devkitPPC/bin/../lib/gcc/powerpc-eabi/4.8.2/crtbegin.o
 .rela.text.fflush
                0x00000000        0x0 /Users/thomasfinch/devkitPro/devkitPPC/bin/../lib/gcc/powerpc-eabi/4.8.2/crtbegin.o
 .rela.text.std.isra.0
                0x00000000        0x0 /Users/thomasfinch/devkitPro/devkitPPC/bin/../lib/gcc/powerpc-eabi/4.8.2/crtbegin.o
 .rela.text._cleanup
                0x00000000        0x0 /Users/thomasfinch/devkitPro/devkitPPC/bin/../lib/gcc/powerpc-eabi/4.8.2/crtbegin.o
 .rela.text.__sfp
                0x00000000        0x0 /Users/thomasfinch/devkitPro/devkitPPC/bin/../lib/gcc/powerpc-eabi/4.8.2/crtbegin.o
 .rela.text.__fp_lock_all
                0x00000000        0x0 /Users/thomasfinch/devkitPro/devkitPPC/bin/../lib/gcc/powerpc-eabi/4.8.2/crtbegin.o
 .rela.text.__fp_unlock_all
                0x00000000        0x0 /Users/thomasfinch/devkitPro/devkitPPC/bin/../lib/gcc/powerpc-eabi/4.8.2/crtbegin.o
 .rela.text._fopen_r
                0x00000000        0x0 /Users/thomasfinch/devkitPro/devkitPPC/bin/../lib/gcc/powerpc-eabi/4.8.2/crtbegin.o
 .rela.text.fopen
                0x00000000        0x0 /Users/thomasfinch/devkitPro/devkitPPC/bin/../lib/gcc/powerpc-eabi/4.8.2/crtbegin.o
 .rela.text.fprintf
                0x00000000        0x0 /Users/thomasfinch/devkitPro/devkitPPC/bin/../lib/gcc/powerpc-eabi/4.8.2/crtbegin.o
 .rela.text.fputs
                0x00000000        0x0 /Users/thomasfinch/devkitPro/devkitPPC/bin/../lib/gcc/powerpc-eabi/4.8.2/crtbegin.o
 .rela.text.fread
                0x00000000        0x0 /Users/thomasfinch/devkitPro/devkitPPC/bin/../lib/gcc/powerpc-eabi/4.8.2/crtbegin.o
 .rela.text._malloc_trim_r
                0x00000000        0x0 /Users/thomasfinch/devkitPro/devkitPPC/bin/../lib/gcc/powerpc-eabi/4.8.2/crtbegin.o
 .rela.text._free_r
                0x00000000        0x0 /Users/thomasfinch/devkitPro/devkitPPC/bin/../lib/gcc/powerpc-eabi/4.8.2/crtbegin.o
 .rela.text.fseek
                0x00000000        0x0 /Users/thomasfinch/devkitPro/devkitPPC/bin/../lib/gcc/powerpc-eabi/4.8.2/crtbegin.o
 .rela.text._fseeko_r
                0x00000000        0x0 /Users/thomasfinch/devkitPro/devkitPPC/bin/../lib/gcc/powerpc-eabi/4.8.2/crtbegin.o
 .rela.text.fseeko
                0x00000000        0x0 /Users/thomasfinch/devkitPro/devkitPPC/bin/../lib/gcc/powerpc-eabi/4.8.2/crtbegin.o
 .rela.text.__smakebuf_r
                0x00000000        0x0 /Users/thomasfinch/devkitPro/devkitPPC/bin/../lib/gcc/powerpc-eabi/4.8.2/crtbegin.o
 .rela.text._svfprintf_r
                0x00000000        0x0 /Users/thomasfinch/devkitPro/devkitPPC/bin/../lib/gcc/powerpc-eabi/4.8.2/crtbegin.o
 .rela.text._vfprintf_r
                0x00000000        0x0 /Users/thomasfinch/devkitPro/devkitPPC/bin/../lib/gcc/powerpc-eabi/4.8.2/crtbegin.o
 .rela.text._wcrtomb_r
                0x00000000        0x0 /Users/thomasfinch/devkitPro/devkitPPC/bin/../lib/gcc/powerpc-eabi/4.8.2/crtbegin.o
 .rela.text.wcrtomb
                0x00000000        0x0 /Users/thomasfinch/devkitPro/devkitPPC/bin/../lib/gcc/powerpc-eabi/4.8.2/crtbegin.o
 .rela.text.__call_exitprocs
                0x00000000        0x0 /Users/thomasfinch/devkitPro/devkitPPC/bin/../lib/gcc/powerpc-eabi/4.8.2/crtbegin.o
 .rela.text._dtoa_r
                0x00000000        0x0 /Users/thomasfinch/devkitPro/devkitPPC/bin/../lib/gcc/powerpc-eabi/4.8.2/crtbegin.o
 .rela.text.loadlocale
                0x00000000        0x0 /Users/thomasfinch/devkitPro/devkitPPC/bin/../lib/gcc/powerpc-eabi/4.8.2/crtbegin.o
 .rela.text._findenv_r
                0x00000000        0x0 /Users/thomasfinch/devkitPro/devkitPPC/bin/../lib/gcc/powerpc-eabi/4.8.2/crtbegin.o

.rel.fini
 *(.rel.fini)

.rela.fini
 *(.rela.fini)

.rel.rodata
 *(.rel.rodata .rel.rodata.* .rel.gnu.linkonce.r.*)

.rela.rodata
 *(.rela.rodata .rela.rodata.* .rela.gnu.linkonce.r.*)

.rel.data
 *(.rel.data .rel.data.* .rel.gnu.linkonce.d.*)

.rela.data
 *(.rela.data .rela.data.* .rela.gnu.linkonce.d.*)

.rel.tdata
 *(.rel.tdata .rel.tdata.* .rel.gnu.linkonce.td.*)

.rela.tdata
 *(.rela.tdata .rela.tdata.* .rela.gnu.linkonce.td.*)

.rel.tbss
 *(.rel.tbss .rel.tbss.* .rel.gnu.linkonce.tb.*)

.rela.tbss
 *(.rela.tbss .rela.tbss.* .rela.gnu.linkonce.tb.*)

.rel.ctors
 *(.rel.ctors)

.rela.ctors
 *(.rela.ctors)

.rel.dtors
 *(.rel.dtors)

.rela.dtors
 *(.rela.dtors)

.rel.got
 *(.rel.got)

.rela.got
 *(.rela.got)

.rela.got1
 *(.rela.got1)

.rela.got2      0x80004194        0x0
 *(.rela.got2)
 .rela.got2     0x00000000        0x0 /Users/thomasfinch/devkitPro/devkitPPC/bin/../lib/gcc/powerpc-eabi/4.8.2/crtbegin.o

.rel.sdata
 *(.rel.sdata .rel.sdata.* .rel.gnu.linkonce.s.*)

.rela.sdata
 *(.rela.sdata .rela.sdata.* .rela.gnu.linkonce.s.*)

.rel.sbss
 *(.rel.sbss .rel.sbss.* .rel.gnu.linkonce.sb.*)

.rela.sbss
 *(.rela.sbss .rela.sbss.* .rel.gnu.linkonce.sb.*)

.rel.sdata2
 *(.rel.sdata2 .rel.sdata2.* .rel.gnu.linkonce.s2.*)

.rela.sdata2    0x80004194        0x0
 *(.rela.sdata2 .rela.sdata2.* .rela.gnu.linkonce.s2.*)
 .rela.sdata2.__sys_inIPL
                0x00000000        0x0 /Users/thomasfinch/devkitPro/devkitPPC/bin/../lib/gcc/powerpc-eabi/4.8.2/crtbegin.o

.rel.sbss2
 *(.rel.sbss2 .rel.sbss2.* .rel.gnu.linkonce.sb2.*)

.rela.sbss2
 *(.rela.sbss2 .rela.sbss2.* .rela.gnu.linkonce.sb2.*)

.rel.bss
 *(.rel.bss .rel.bss.* .rel.gnu.linkonce.b.*)

.rela.bss
 *(.rela.bss .rela.bss.* .rela.gnu.linkonce.b.*)

.rel.plt
 *(.rel.plt)

.rela.plt
 *(.rela.plt)

.text           0x800041a0    0x342a0
 *(.text)
 .text          0x800041a0      0x1e0 /Users/thomasfinch/devkitPro/devkitPPC/bin/../lib/gcc/powerpc-eabi/4.8.2/crtbegin.o
 .text          0x80004380       0x44 /Users/thomasfinch/devkitPro/devkitPPC/bin/../lib/gcc/powerpc-eabi/4.8.2/../../../../powerpc-eabi/lib/crtmain.o
                0x80004384                __crtmain
 *fill*         0x800043c4       0x1c 00000000
 .text          0x800043e0      0x44c /Users/thomasfinch/devkitPro/libogc/lib/wii/libogc.a(lwp_handler.o)
                0x800043e0                _cpu_context_save_fp
                0x80004520                _cpu_context_restore_fp
                0x80004660                _cpu_context_switch
                0x80004740                _cpu_context_save
                0x800047c0                _cpu_context_restore
 .text          0x8000482c      0x4a0 /Users/thomasfinch/devkitPro/libogc/lib/wii/libogc.a(system_asm.o)
                0x8000482c                __realmode
                0x80004844                __configBATS
                0x80004974                __InitFPRS
                0x80004aa0                __InitPS
                0x80004afc                __InitCache
                0x80004b54                __InitSystem
                0x80004bdc                __flush_cache
                0x80004c10                __reset
                0x80004c80                __InitBATS
                0x80004c9c                SYS_SwitchFiber
 .text          0x80004ccc      0x8dc /Users/thomasfinch/devkitPro/libogc/lib/wii/libogc.a(gu_psasm.o)
                0x80004ccc                ps_guMtxConcat
                0x80004d90                ps_guMtxIdentity
                0x80004dbc                ps_guMtxCopy
                0x80004df0                ps_guMtxTranspose
                0x80004e40                ps_guMtxInverse
                0x80004f38                ps_guMtxInvXpose
                0x80005000                ps_guMtxScale
                0x80005028                ps_guMtxScaleApply
                0x80005080                ps_guMtxApplyScale
                0x800050e4                ps_guMtxTrans
                0x80005118                ps_guMtxTransApply
                0x80005164                ps_guMtxApplyTrans
                0x800051e0                ps_guMtxRotTrig
                0x80005290                __ps_guMtxRotAxisRadInternal
                0x80005350                ps_guMtxReflect
                0x800053c0                ps_guVecAdd
                0x800053e4                ps_guVecSub
                0x80005408                ps_guVecScale
                0x80005424                ps_guVecNormalize
                0x80005468                ps_guVecCross
                0x800054a4                ps_guVecDotProduct
                0x800054c4                ps_guVecMultiply
                0x80005518                ps_guVecMultiplySR
                0x80005588                ps_guQuatDotProduct
 .text          0x800055a8      0x1ac /Users/thomasfinch/devkitPro/libogc/lib/wii/libogc.a(irq_handler.o)
                0x800055a8                irq_exceptionhandler
 .text          0x80005754      0x4f4 /Users/thomasfinch/devkitPro/libogc/lib/wii/libogc.a(cache_asm.o)
                0x80005754                DCFlashInvalidate
                0x80005768                DCEnable
                0x8000577c                DCDisable
                0x80005790                DCFreeze
                0x800057a4                DCUnfreeze
                0x800057b8                DCTouchLoad
                0x800057c0                DCBlockZero
                0x800057c8                DCBlockStore
                0x800057d0                DCBlockFlush
                0x800057d8                DCBlockInvalidate
                0x800057e0                DCInvalidateRange
                0x80005810                DCFlushRange
                0x80005844                DCStoreRange
                0x80005878                DCFlushRangeNoSync
                0x800058a8                DCStoreRangeNoSync
                0x800058d8                DCZeroRange
                0x80005908                DCTouchRange
                0x80005938                ICInvalidateRange
                0x80005970                ICFlashInvalidate
                0x80005984                ICEnable
                0x80005998                ICDisable
                0x800059ac                ICFreeze
                0x800059c0                ICUnfreeze
                0x800059d4                ICBlockInvalidate
                0x800059dc                ICSync
                0x800059e4                L2Init
                0x80005a2c                L2Enable
                0x80005a48                L2Disable
                0x80005a60                L2GlobalInvalidate
                0x80005ab8                __LCEnable
                0x80005b84                LCDisable
                0x80005bac                LCAllocOneTag
                0x80005bc0                LCAllocTags
                0x80005c00                LCLoadBlocks
                0x80005c24                LCStoreBlocks
 .text          0x80005c48      0x1ac /Users/thomasfinch/devkitPro/libogc/lib/wii/libogc.a(decrementer_handler.o)
                0x80005c48                dec_exceptionhandler
 .text          0x80005df4      0x35c /Users/thomasfinch/devkitPro/libogc/lib/wii/libogc.a(exception_handler.o)
                0x80005df4                exceptionhandler_start
                0x80005e70                exceptionhandler_patch
                0x80005ea4                exceptionhandler_end
                0x80005ea8                default_exceptionhandler
                0x80005fd8                fpu_exceptionhandler
                0x80006120                systemcallhandler_start
                0x8000614c                systemcallhandler_end
 .text          0x80006150       0x40 /Users/thomasfinch/devkitPro/devkitPPC/bin/../lib/gcc/powerpc-eabi/4.8.2/libgcc.a(_ashldi3.o)
                0x80006150                __ashldi3
 .text          0x80006190      0x414 /Users/thomasfinch/devkitPro/devkitPPC/bin/../lib/gcc/powerpc-eabi/4.8.2/libgcc.a(_udivdi3.o)
                0x80006190                __udivdi3
 .text          0x800065a4      0x3b8 /Users/thomasfinch/devkitPro/devkitPPC/bin/../lib/gcc/powerpc-eabi/4.8.2/libgcc.a(_umoddi3.o)
                0x800065a4                __umoddi3
 .text          0x8000695c       0x48 /Users/thomasfinch/devkitPro/devkitPPC/bin/../lib/gcc/powerpc-eabi/4.8.2/libgcc.a(eabi.o)
                0x8000695c                __eabi
 .text          0x800069a4       0x4c /Users/thomasfinch/devkitPro/devkitPPC/bin/../lib/gcc/powerpc-eabi/4.8.2/libgcc.a(crtsavfpr.o)
                0x800069a4                _savefpr_14
                0x800069a8                _savefpr_15
                0x800069ac                _savefpr_16
                0x800069b0                _savefpr_17
                0x800069b4                _savefpr_18
                0x800069b8                _savefpr_19
                0x800069bc                _savefpr_20
                0x800069c0                _savefpr_21
                0x800069c4                _savefpr_22
                0x800069c8                _savefpr_23
                0x800069cc                _savefpr_24
                0x800069d0                _savefpr_25
                0x800069d4                _savefpr_26
                0x800069d8                _savefpr_27
                0x800069dc                _savefpr_28
                0x800069e0                _savefpr_29
                0x800069e4                _savefpr_30
                0x800069e8                _savefpr_31
 .text          0x800069f0       0x58 /Users/thomasfinch/devkitPro/devkitPPC/bin/../lib/gcc/powerpc-eabi/4.8.2/libgcc.a(crtresxfpr.o)
                0x800069f0                _restfpr_14_x
                0x800069f4                _restfpr_15_x
                0x800069f8                _restfpr_16_x
                0x800069fc                _restfpr_17_x
                0x80006a00                _restfpr_18_x
                0x80006a04                _restfpr_19_x
                0x80006a08                _restfpr_20_x
                0x80006a0c                _restfpr_21_x
                0x80006a10                _restfpr_22_x
                0x80006a14                _restfpr_23_x
                0x80006a18                _restfpr_24_x
                0x80006a1c                _restfpr_25_x
                0x80006a20                _restfpr_26_x
                0x80006a24                _restfpr_27_x
                0x80006a28                _restfpr_28_x
                0x80006a2c                _restfpr_29_x
                0x80006a30                _restfpr_30_x
                0x80006a34                _restfpr_31_x
 .text          0x80006a48       0x58 /Users/thomasfinch/devkitPro/devkitPPC/bin/../lib/gcc/powerpc-eabi/4.8.2/libgcc.a(crtresxgpr.o)
                0x80006a48                _restgpr_14_x
                0x80006a4c                _restgpr_15_x
                0x80006a50                _restgpr_16_x
                0x80006a54                _restgpr_17_x
                0x80006a58                _restgpr_18_x
                0x80006a5c                _restgpr_19_x
                0x80006a60                _restgpr_20_x
                0x80006a64                _restgpr_21_x
                0x80006a68                _restgpr_22_x
                0x80006a6c                _restgpr_23_x
                0x80006a70                _restgpr_24_x
                0x80006a74                _restgpr_25_x
                0x80006a78                _restgpr_26_x
                0x80006a7c                _restgpr_27_x
                0x80006a80                _restgpr_28_x
                0x80006a84                _restgpr_29_x
                0x80006a88                _restgpr_30_x
                0x80006a8c                _restgpr_31_x
 .text          0x80006aa0       0x28 /Users/thomasfinch/devkitPro/devkitPPC/bin/../lib/gcc/powerpc-eabi/4.8.2/../../../../powerpc-eabi/lib/libsysbase.a(abort.o)
                0x80006aa0                abort
 .text          0x80006ac8      0x2f8 /Users/thomasfinch/devkitPro/devkitPPC/bin/../lib/gcc/powerpc-eabi/4.8.2/../../../../powerpc-eabi/lib/libsysbase.a(iosupport.o)
                0x80006ac8                setDefaultDevice
                0x80006ae0                FindDevice
                0x80006c04                RemoveDevice
                0x80006c54                AddDevice
                0x80006d70                GetDeviceOpTab
 .text          0x80006dc0       0x28 /Users/thomasfinch/devkitPro/devkitPPC/bin/../lib/gcc/powerpc-eabi/4.8.2/../../../../powerpc-eabi/lib/libsysbase.a(_exit.o)
                0x80006dc0                _exit
 .text          0x80006de8       0x88 /Users/thomasfinch/devkitPro/devkitPPC/bin/../lib/gcc/powerpc-eabi/4.8.2/../../../../powerpc-eabi/lib/libsysbase.a(build_argv.o)
                0x80006de8                build_argv
 .text          0x80006e70       0xb0 /Users/thomasfinch/devkitPro/devkitPPC/bin/../lib/gcc/powerpc-eabi/4.8.2/../../../../powerpc-eabi/lib/libsysbase.a(syscall_support.o)
                0x80006e70                __libc_lock_init
                0x80006e90                __libc_lock_close
                0x80006eb0                __libc_lock_release
                0x80006ed0                __libc_lock_acquire
                0x80006ef0                __malloc_lock
                0x80006f08                __malloc_unlock
 .text          0x80006f20       0xa0 /Users/thomasfinch/devkitPro/devkitPPC/bin/../lib/gcc/powerpc-eabi/4.8.2/../../../../powerpc-eabi/lib/libsysbase.a(close.o)
                0x80006f20                _close_r
 .text          0x80006fc0       0xb0 /Users/thomasfinch/devkitPro/devkitPPC/bin/../lib/gcc/powerpc-eabi/4.8.2/../../../../powerpc-eabi/lib/libsysbase.a(fstat.o)
                0x80006fc0                _fstat_r
 .text          0x80007070        0x8 /Users/thomasfinch/devkitPro/devkitPPC/bin/../lib/gcc/powerpc-eabi/4.8.2/../../../../powerpc-eabi/lib/libsysbase.a(isatty.o)
                0x80007070                _isatty_r
 .text          0x80007078       0xc0 /Users/thomasfinch/devkitPro/devkitPPC/bin/../lib/gcc/powerpc-eabi/4.8.2/../../../../powerpc-eabi/lib/libsysbase.a(lseek.o)
                0x80007078                _lseek_r
 .text          0x80007138       0xb0 /Users/thomasfinch/devkitPro/devkitPPC/bin/../lib/gcc/powerpc-eabi/4.8.2/../../../../powerpc-eabi/lib/libsysbase.a(read.o)
                0x80007138                _read_r
 .text          0x800071e8       0x28 /Users/thomasfinch/devkitPro/devkitPPC/bin/../lib/gcc/powerpc-eabi/4.8.2/../../../../powerpc-eabi/lib/libsysbase.a(sbrk.o)
                0x800071e8                _sbrk_r
 .text          0x80007210       0xb8 /Users/thomasfinch/devkitPro/devkitPPC/bin/../lib/gcc/powerpc-eabi/4.8.2/../../../../powerpc-eabi/lib/libsysbase.a(write.o)
                0x80007210                _write_r
 .text          0x800072c8       0x4c /Users/thomasfinch/devkitPro/devkitPPC/bin/../lib/gcc/powerpc-eabi/4.8.2/../../../../powerpc-eabi/lib/libsysbase.a(flock.o)
                0x800072c8                __flockfile
                0x8000730c                __funlockfile
 .text          0x80007314      0x174 /Users/thomasfinch/devkitPro/devkitPPC/bin/../lib/gcc/powerpc-eabi/4.8.2/../../../../powerpc-eabi/lib/libsysbase.a(handle_manager.o)
                0x80007314                __release_handle
                0x80007370                __alloc_handle
                0x80007460                __get_handle
 .text          0x80007488       0x68 /Users/thomasfinch/devkitPro/devkitPPC/bin/../lib/gcc/powerpc-eabi/4.8.2/crtend.o
 *(.text.*)
 .text.drawSpriteTex
                0x800074f0       0xc0 flappy.o
                0x800074f0                drawSpriteTex
 .text.startup.main
                0x800075b0      0x56c flappy.o
                0x800075b0                main
 .text.__wpad_assign_slot
                0x80007b1c      0x218 /Users/thomasfinch/devkitPro/libogc/lib/wii/libwiiuse.a(wpad.o)
                0x80007b1c                __wpad_assign_slot
 .text.__wpad_def_powcb
                0x80007d34        0x4 /Users/thomasfinch/devkitPro/libogc/lib/wii/libwiiuse.a(wpad.o)
 .text.__wpad_disconnect
                0x80007d38       0x4c /Users/thomasfinch/devkitPro/libogc/lib/wii/libwiiuse.a(wpad.o)
 .text.__readlinkkey_finished
                0x80007d84       0x30 /Users/thomasfinch/devkitPro/libogc/lib/wii/libwiiuse.a(wpad.o)
 .text.__wpad_patch_finished
                0x80007db4       0x2c /Users/thomasfinch/devkitPro/libogc/lib/wii/libwiiuse.a(wpad.o)
 .text.__wpad_setfmt
                0x80007de0      0x100 /Users/thomasfinch/devkitPro/libogc/lib/wii/libwiiuse.a(wpad.o)
 .text.__wpad_eventCB
                0x80007ee0      0x8e0 /Users/thomasfinch/devkitPro/libogc/lib/wii/libwiiuse.a(wpad.o)
 .text.__wpad_disconnectCB
                0x800087c0       0xcc /Users/thomasfinch/devkitPro/libogc/lib/wii/libwiiuse.a(wpad.o)
                0x800087c0                __wpad_disconnectCB
 .text.__wpad_timeouthandler
                0x8000888c       0x90 /Users/thomasfinch/devkitPro/libogc/lib/wii/libwiiuse.a(wpad.o)
 .text.__initcore_finished
                0x8000891c       0x48 /Users/thomasfinch/devkitPro/libogc/lib/wii/libwiiuse.a(wpad.o)
 .text.__wpad_init_finished
                0x80008964      0x138 /Users/thomasfinch/devkitPro/libogc/lib/wii/libwiiuse.a(wpad.o)
 .text.WPAD_ReadEvent
                0x80008a9c      0x574 /Users/thomasfinch/devkitPro/libogc/lib/wii/libwiiuse.a(wpad.o)
                0x80008a9c                WPAD_ReadEvent
 .text.WPAD_ReadPending
                0x80009010      0x108 /Users/thomasfinch/devkitPro/libogc/lib/wii/libwiiuse.a(wpad.o)
                0x80009010                WPAD_ReadPending
 .text.WPAD_Shutdown
                0x80009118       0xbc /Users/thomasfinch/devkitPro/libogc/lib/wii/libwiiuse.a(wpad.o)
                0x80009118                WPAD_Shutdown
 .text.WPAD_Init
                0x800091d4      0x234 /Users/thomasfinch/devkitPro/libogc/lib/wii/libwiiuse.a(wpad.o)
                0x800091d4                WPAD_Init
 .text.__wpad_onreset
                0x80009408       0x34 /Users/thomasfinch/devkitPro/libogc/lib/wii/libwiiuse.a(wpad.o)
 .text.WPAD_ScanPads
                0x8000943c        0xc /Users/thomasfinch/devkitPro/libogc/lib/wii/libwiiuse.a(wpad.o)
                0x8000943c                WPAD_ScanPads
 .text.WPAD_ButtonsDown
                0x80009448       0x28 /Users/thomasfinch/devkitPro/libogc/lib/wii/libwiiuse.a(wpad.o)
                0x80009448                WPAD_ButtonsDown
 .text.motion_plus_disconnected
                0x80009470       0x10 /Users/thomasfinch/devkitPro/libogc/lib/wii/libwiiuse.a(motion_plus.o)
                0x80009470                motion_plus_disconnected
 .text.motion_plus_event
                0x80009480       0x64 /Users/thomasfinch/devkitPro/libogc/lib/wii/libwiiuse.a(motion_plus.o)
                0x80009480                motion_plus_event
 .text.calculate_gforce
                0x800094e4      0x114 /Users/thomasfinch/devkitPro/libogc/lib/wii/libwiiuse.a(dynamics.o)
                0x800094e4                calculate_gforce
 .text.calc_joystick_state
                0x800095f8      0x1fc /Users/thomasfinch/devkitPro/libogc/lib/wii/libwiiuse.a(dynamics.o)
                0x800095f8                calc_joystick_state
 .text.apply_smoothing
                0x800097f4      0x158 /Users/thomasfinch/devkitPro/libogc/lib/wii/libwiiuse.a(dynamics.o)
                0x800097f4                apply_smoothing
 .text.calculate_orientation
                0x8000994c      0x298 /Users/thomasfinch/devkitPro/libogc/lib/wii/libwiiuse.a(dynamics.o)
                0x8000994c                calculate_orientation
 .text.calc_balanceboard_state
                0x80009be4      0x344 /Users/thomasfinch/devkitPro/libogc/lib/wii/libwiiuse.a(dynamics.o)
                0x80009be4                calc_balanceboard_state
 .text.wiiuse_handshake
                0x80009f28      0x164 /Users/thomasfinch/devkitPro/libogc/lib/wii/libwiiuse.a(io.o)
                0x80009f28                wiiuse_handshake
 .text.wiiuse_handshake_expansion
                0x8000a08c      0x1c4 /Users/thomasfinch/devkitPro/libogc/lib/wii/libwiiuse.a(io.o)
                0x8000a08c                wiiuse_handshake_expansion
 .text.wiiuse_handshake_expansion_start
                0x8000a250       0x24 /Users/thomasfinch/devkitPro/libogc/lib/wii/libwiiuse.a(io.o)
                0x8000a250                wiiuse_handshake_expansion_start
 .text.wiiuse_disable_expansion
                0x8000a274       0xcc /Users/thomasfinch/devkitPro/libogc/lib/wii/libwiiuse.a(io.o)
                0x8000a274                wiiuse_disable_expansion
 .text.__wiiuse_connected
                0x8000a340       0x78 /Users/thomasfinch/devkitPro/libogc/lib/wii/libwiiuse.a(io_wii.o)
 .text.__wiiuse_disconnected
                0x8000a3b8       0x90 /Users/thomasfinch/devkitPro/libogc/lib/wii/libwiiuse.a(io_wii.o)
 .text.__wiiuse_receive
                0x8000a448       0x8c /Users/thomasfinch/devkitPro/libogc/lib/wii/libwiiuse.a(io_wii.o)
 .text.__wiiuse_sensorbar_enable
                0x8000a4d4       0x4c /Users/thomasfinch/devkitPro/libogc/lib/wii/libwiiuse.a(io_wii.o)
                0x8000a4d4                __wiiuse_sensorbar_enable
 .text.wiiuse_register
                0x8000a520       0xa8 /Users/thomasfinch/devkitPro/libogc/lib/wii/libwiiuse.a(io_wii.o)
                0x8000a520                wiiuse_register
 .text.wiiuse_disconnect
                0x8000a5c8       0x24 /Users/thomasfinch/devkitPro/libogc/lib/wii/libwiiuse.a(io_wii.o)
                0x8000a5c8                wiiuse_disconnect
 .text.wiiuse_init_cmd_queue
                0x8000a5ec       0x90 /Users/thomasfinch/devkitPro/libogc/lib/wii/libwiiuse.a(io_wii.o)
                0x8000a5ec                wiiuse_init_cmd_queue
 .text.wiiuse_io_write
                0x8000a67c       0x1c /Users/thomasfinch/devkitPro/libogc/lib/wii/libwiiuse.a(io_wii.o)
                0x8000a67c                wiiuse_io_write
 .text.get_ir_sens.isra.0
                0x8000a698       0xe4 /Users/thomasfinch/devkitPro/libogc/lib/wii/libwiiuse.a(ir.o)
 .text.rotate_dots
                0x8000a77c       0xf8 /Users/thomasfinch/devkitPro/libogc/lib/wii/libwiiuse.a(ir.o)
 .text.wiiuse_set_ir_mode
                0x8000a874       0x60 /Users/thomasfinch/devkitPro/libogc/lib/wii/libwiiuse.a(ir.o)
                0x8000a874                wiiuse_set_ir_mode
 .text.wiiuse_set_ir
                0x8000a8d4      0x19c /Users/thomasfinch/devkitPro/libogc/lib/wii/libwiiuse.a(ir.o)
                0x8000a8d4                wiiuse_set_ir
 .text.wiiuse_set_ir_position
                0x8000aa70       0x78 /Users/thomasfinch/devkitPro/libogc/lib/wii/libwiiuse.a(ir.o)
                0x8000aa70                wiiuse_set_ir_position
 .text.wiiuse_set_aspect_ratio
                0x8000aae8       0x3c /Users/thomasfinch/devkitPro/libogc/lib/wii/libwiiuse.a(ir.o)
                0x8000aae8                wiiuse_set_aspect_ratio
 .text.wiiuse_set_ir_sensitivity
                0x8000ab24       0xf0 /Users/thomasfinch/devkitPro/libogc/lib/wii/libwiiuse.a(ir.o)
                0x8000ab24                wiiuse_set_ir_sensitivity
 .text.calculate_basic_ir
                0x8000ac14       0xf4 /Users/thomasfinch/devkitPro/libogc/lib/wii/libwiiuse.a(ir.o)
                0x8000ac14                calculate_basic_ir
 .text.calculate_extended_ir
                0x8000ad08       0x7c /Users/thomasfinch/devkitPro/libogc/lib/wii/libwiiuse.a(ir.o)
                0x8000ad08                calculate_extended_ir
 .text.find_sensorbar
                0x8000ad84      0x7f4 /Users/thomasfinch/devkitPro/libogc/lib/wii/libwiiuse.a(ir.o)
                0x8000ad84                find_sensorbar
 .text.apply_ir_smoothing
                0x8000b578       0xcc /Users/thomasfinch/devkitPro/libogc/lib/wii/libwiiuse.a(ir.o)
                0x8000b578                apply_ir_smoothing
 .text.calc_yaw
                0x8000b644       0x54 /Users/thomasfinch/devkitPro/libogc/lib/wii/libwiiuse.a(ir.o)
                0x8000b644                calc_yaw
 .text.interpret_ir_data
                0x8000b698      0x35c /Users/thomasfinch/devkitPro/libogc/lib/wii/libwiiuse.a(ir.o)
                0x8000b698                interpret_ir_data
 .text.nunchuk_handshake
                0x8000b9f4      0x228 /Users/thomasfinch/devkitPro/libogc/lib/wii/libwiiuse.a(nunchuk.o)
                0x8000b9f4                nunchuk_handshake
 .text.nunchuk_disconnected
                0x8000bc1c        0xc /Users/thomasfinch/devkitPro/libogc/lib/wii/libwiiuse.a(nunchuk.o)
                0x8000bc1c                nunchuk_disconnected
 .text.nunchuk_event
                0x8000bc28       0xdc /Users/thomasfinch/devkitPro/libogc/lib/wii/libwiiuse.a(nunchuk.o)
                0x8000bc28                nunchuk_event
 .text.wii_board_handshake
                0x8000bd04      0x16c /Users/thomasfinch/devkitPro/libogc/lib/wii/libwiiuse.a(wiiboard.o)
                0x8000bd04                wii_board_handshake
 .text.wii_board_disconnected
                0x8000be70        0xc /Users/thomasfinch/devkitPro/libogc/lib/wii/libwiiuse.a(wiiboard.o)
                0x8000be70                wii_board_disconnected
 .text.wii_board_event
                0x8000be7c       0x54 /Users/thomasfinch/devkitPro/libogc/lib/wii/libwiiuse.a(wiiboard.o)
                0x8000be7c                wii_board_event
 .text.wiiuse_send_next_command
                0x8000bed0       0x50 /Users/thomasfinch/devkitPro/libogc/lib/wii/libwiiuse.a(wiiuse.o)
                0x8000bed0                wiiuse_send_next_command
 .text.__wiiuse_push_command
                0x8000bf20       0x90 /Users/thomasfinch/devkitPro/libogc/lib/wii/libwiiuse.a(wiiuse.o)
 .text.wiiuse_init
                0x8000bfb0      0x158 /Users/thomasfinch/devkitPro/libogc/lib/wii/libwiiuse.a(wiiuse.o)
                0x8000bfb0                wiiuse_init
 .text.wiiuse_set_flags
                0x8000c108       0x24 /Users/thomasfinch/devkitPro/libogc/lib/wii/libwiiuse.a(wiiuse.o)
                0x8000c108                wiiuse_set_flags
 .text.wiiuse_read_data
                0x8000c12c       0x94 /Users/thomasfinch/devkitPro/libogc/lib/wii/libwiiuse.a(wiiuse.o)
                0x8000c12c                wiiuse_read_data
 .text.wiiuse_write_data
                0x8000c1c0       0xc4 /Users/thomasfinch/devkitPro/libogc/lib/wii/libwiiuse.a(wiiuse.o)
                0x8000c1c0                wiiuse_write_data
 .text.wiiuse_sendcmd
                0x8000c284       0x8c /Users/thomasfinch/devkitPro/libogc/lib/wii/libwiiuse.a(wiiuse.o)
                0x8000c284                wiiuse_sendcmd
 .text.wiiuse_set_leds
                0x8000c310       0x50 /Users/thomasfinch/devkitPro/libogc/lib/wii/libwiiuse.a(wiiuse.o)
                0x8000c310                wiiuse_set_leds
 .text.wiiuse_set_report_type
                0x8000c360       0xd8 /Users/thomasfinch/devkitPro/libogc/lib/wii/libwiiuse.a(wiiuse.o)
                0x8000c360                wiiuse_set_report_type
 .text.wiiuse_status
                0x8000c438       0x4c /Users/thomasfinch/devkitPro/libogc/lib/wii/libwiiuse.a(wiiuse.o)
                0x8000c438                wiiuse_status
 .text.wiiuse_motion_sensing
                0x8000c484       0x3c /Users/thomasfinch/devkitPro/libogc/lib/wii/libwiiuse.a(wiiuse.o)
                0x8000c484                wiiuse_motion_sensing
 .text.wiiuse_set_speaker
                0x8000c4c0      0x1f0 /Users/thomasfinch/devkitPro/libogc/lib/wii/libwiiuse.a(speaker.o)
                0x8000c4c0                wiiuse_set_speaker
 .text.classic_ctrl_handshake
                0x8000c6b0      0x17c /Users/thomasfinch/devkitPro/libogc/lib/wii/libwiiuse.a(classic.o)
                0x8000c6b0                classic_ctrl_handshake
 .text.classic_ctrl_disconnected
                0x8000c82c        0xc /Users/thomasfinch/devkitPro/libogc/lib/wii/libwiiuse.a(classic.o)
                0x8000c82c                classic_ctrl_disconnected
 .text.classic_ctrl_event
                0x8000c838       0xa0 /Users/thomasfinch/devkitPro/libogc/lib/wii/libwiiuse.a(classic.o)
                0x8000c838                classic_ctrl_event
 .text.handle_expansion
                0x8000c8d8       0x44 /Users/thomasfinch/devkitPro/libogc/lib/wii/libwiiuse.a(events.o)
 .text.wiiuse_pressed_buttons
                0x8000c91c       0x2c /Users/thomasfinch/devkitPro/libogc/lib/wii/libwiiuse.a(events.o)
                0x8000c91c                wiiuse_pressed_buttons
 .text.parse_event
                0x8000c948      0x578 /Users/thomasfinch/devkitPro/libogc/lib/wii/libwiiuse.a(events.o)
                0x8000c948                parse_event
 .text.guitar_hero_3_handshake
                0x8000cec0       0x68 /Users/thomasfinch/devkitPro/libogc/lib/wii/libwiiuse.a(guitar_hero_3.o)
                0x8000cec0                guitar_hero_3_handshake
 .text.guitar_hero_3_disconnected
                0x8000cf28        0xc /Users/thomasfinch/devkitPro/libogc/lib/wii/libwiiuse.a(guitar_hero_3.o)
                0x8000cf28                guitar_hero_3_disconnected
 .text.guitar_hero_3_event
                0x8000cf34       0x64 /Users/thomasfinch/devkitPro/libogc/lib/wii/libwiiuse.a(guitar_hero_3.o)
                0x8000cf34                guitar_hero_3_event
 .text.acl_wlp_completed
                0x8000cf98        0x8 /Users/thomasfinch/devkitPro/libogc/lib/wii/libbte.a(bte.o)
                0x8000cf98                acl_wlp_completed
 .text.bt_alarmhandler
                0x8000cfa0       0x60 /Users/thomasfinch/devkitPro/libogc/lib/wii/libbte.a(bte.o)
 .text.__bte_cmdfinish
                0x8000d000       0x9c /Users/thomasfinch/devkitPro/libogc/lib/wii/libbte.a(bte.o)
 .text.__bte_shutdown_finished
                0x8000d09c       0x60 /Users/thomasfinch/devkitPro/libogc/lib/wii/libbte.a(bte.o)
 .text.bte_hci_apply_patch_complete
                0x8000d0fc       0xa8 /Users/thomasfinch/devkitPro/libogc/lib/wii/libbte.a(bte.o)
                0x8000d0fc                bte_hci_apply_patch_complete
 .text.__bte_send_pending_request
                0x8000d1a4       0xc0 /Users/thomasfinch/devkitPro/libogc/lib/wii/libbte.a(bte.o)
 .text.__bte_close_ctrl_queue
                0x8000d264       0x80 /Users/thomasfinch/devkitPro/libogc/lib/wii/libbte.a(bte.o)
 .text.acl_conn_complete
                0x8000d2e4       0x2c /Users/thomasfinch/devkitPro/libogc/lib/wii/libbte.a(bte.o)
                0x8000d2e4                acl_conn_complete
 .text.bte_hci_initcore_complete2
                0x8000d310       0xf0 /Users/thomasfinch/devkitPro/libogc/lib/wii/libbte.a(bte.o)
                0x8000d310                bte_hci_initcore_complete2
 .text.bte_hci_initcore_complete
                0x8000d400      0x150 /Users/thomasfinch/devkitPro/libogc/lib/wii/libbte.a(bte.o)
                0x8000d400                bte_hci_initcore_complete
 .text.bte_hci_patch_complete
                0x8000d550      0x1b0 /Users/thomasfinch/devkitPro/libogc/lib/wii/libbte.a(bte.o)
                0x8000d550                bte_hci_patch_complete
 .text.bte_hci_initsub_complete
                0x8000d700      0x12c /Users/thomasfinch/devkitPro/libogc/lib/wii/libbte.a(bte.o)
                0x8000d700                bte_hci_initsub_complete
 .text.bte_read_stored_link_key_complete
                0x8000d82c      0x10c /Users/thomasfinch/devkitPro/libogc/lib/wii/libbte.a(bte.o)
                0x8000d82c                bte_read_stored_link_key_complete
 .text.l2cap_disconnected_ind
                0x8000d938       0xb0 /Users/thomasfinch/devkitPro/libogc/lib/wii/libbte.a(bte.o)
                0x8000d938                l2cap_disconnected_ind
 .text.bte_process_input
                0x8000d9e8       0xf8 /Users/thomasfinch/devkitPro/libogc/lib/wii/libbte.a(bte.o)
 .text.l2cap_disconnect_cfm
                0x8000dae0       0xd8 /Users/thomasfinch/devkitPro/libogc/lib/wii/libbte.a(bte.o)
                0x8000dae0                l2cap_disconnect_cfm
 .text.l2cap_accepted
                0x8000dbb8       0xd4 /Users/thomasfinch/devkitPro/libogc/lib/wii/libbte.a(bte.o)
                0x8000dbb8                l2cap_accepted
 .text.__bte_waitcmdfinish.constprop.7
                0x8000dc8c       0x7c /Users/thomasfinch/devkitPro/libogc/lib/wii/libbte.a(bte.o)
 .text.BTE_Init
                0x8000dd08      0x118 /Users/thomasfinch/devkitPro/libogc/lib/wii/libbte.a(bte.o)
                0x8000dd08                BTE_Init
 .text.BTE_Shutdown
                0x8000de20       0xa8 /Users/thomasfinch/devkitPro/libogc/lib/wii/libbte.a(bte.o)
                0x8000de20                BTE_Shutdown
 .text.BTE_InitCore
                0x8000dec8       0x80 /Users/thomasfinch/devkitPro/libogc/lib/wii/libbte.a(bte.o)
                0x8000dec8                BTE_InitCore
 .text.BTE_ApplyPatch
                0x8000df48       0x9c /Users/thomasfinch/devkitPro/libogc/lib/wii/libbte.a(bte.o)
                0x8000df48                BTE_ApplyPatch
 .text.BTE_InitSub
                0x8000dfe4       0x84 /Users/thomasfinch/devkitPro/libogc/lib/wii/libbte.a(bte.o)
                0x8000dfe4                BTE_InitSub
 .text.BTE_ReadStoredLinkKey
                0x8000e068       0x88 /Users/thomasfinch/devkitPro/libogc/lib/wii/libbte.a(bte.o)
                0x8000e068                BTE_ReadStoredLinkKey
 .text.BTE_SetDisconnectCallback
                0x8000e0f0        0x4 /Users/thomasfinch/devkitPro/libogc/lib/wii/libbte.a(bte.o)
                0x8000e0f0                BTE_SetDisconnectCallback
 .text.bte_new  0x8000e0f4       0x48 /Users/thomasfinch/devkitPro/libogc/lib/wii/libbte.a(bte.o)
                0x8000e0f4                bte_new
 .text.bte_registerdeviceasync
                0x8000e13c      0x12c /Users/thomasfinch/devkitPro/libogc/lib/wii/libbte.a(bte.o)
                0x8000e13c                bte_registerdeviceasync
 .text.bte_disconnect
                0x8000e268       0x94 /Users/thomasfinch/devkitPro/libogc/lib/wii/libbte.a(bte.o)
                0x8000e268                bte_disconnect
 .text.bte_senddata
                0x8000e2fc       0xb8 /Users/thomasfinch/devkitPro/libogc/lib/wii/libbte.a(bte.o)
                0x8000e2fc                bte_senddata
 .text.bte_arg  0x8000e3b4       0x40 /Users/thomasfinch/devkitPro/libogc/lib/wii/libbte.a(bte.o)
                0x8000e3b4                bte_arg
 .text.bte_received
                0x8000e3f4       0x40 /Users/thomasfinch/devkitPro/libogc/lib/wii/libbte.a(bte.o)
                0x8000e3f4                bte_received
 .text.bte_disconnected
                0x8000e434       0x40 /Users/thomasfinch/devkitPro/libogc/lib/wii/libbte.a(bte.o)
                0x8000e434                bte_disconnected
 .text.hci_init
                0x8000e474       0x7c /Users/thomasfinch/devkitPro/libogc/lib/wii/libbte.a(hci.o)
                0x8000e474                hci_init
 .text.hci_new  0x8000e4f0       0x38 /Users/thomasfinch/devkitPro/libogc/lib/wii/libbte.a(hci.o)
                0x8000e4f0                hci_new
 .text.hci_get_link
                0x8000e528       0x7c /Users/thomasfinch/devkitPro/libogc/lib/wii/libbte.a(hci.o)
                0x8000e528                hci_get_link
 .text.hci_close
                0x8000e5a4       0xc8 /Users/thomasfinch/devkitPro/libogc/lib/wii/libbte.a(hci.o)
                0x8000e5a4                hci_close
 .text.hci_reset_all
                0x8000e66c       0x98 /Users/thomasfinch/devkitPro/libogc/lib/wii/libbte.a(hci.o)
                0x8000e66c                hci_reset_all
 .text.hci_arg  0x8000e704        0xc /Users/thomasfinch/devkitPro/libogc/lib/wii/libbte.a(hci.o)
                0x8000e704                hci_arg
 .text.hci_cmd_complete
                0x8000e710        0xc /Users/thomasfinch/devkitPro/libogc/lib/wii/libbte.a(hci.o)
                0x8000e710                hci_cmd_complete
 .text.hci_connection_complete
                0x8000e71c        0xc /Users/thomasfinch/devkitPro/libogc/lib/wii/libbte.a(hci.o)
                0x8000e71c                hci_connection_complete
 .text.hci_wlp_complete
                0x8000e728        0xc /Users/thomasfinch/devkitPro/libogc/lib/wii/libbte.a(hci.o)
                0x8000e728                hci_wlp_complete
 .text.hci_cmd_ass
                0x8000e734       0x4c /Users/thomasfinch/devkitPro/libogc/lib/wii/libbte.a(hci.o)
                0x8000e734                hci_cmd_ass
 .text.hci_reset
                0x8000e780       0x60 /Users/thomasfinch/devkitPro/libogc/lib/wii/libbte.a(hci.o)
                0x8000e780                hci_reset
 .text.hci_read_buffer_size
                0x8000e7e0       0x60 /Users/thomasfinch/devkitPro/libogc/lib/wii/libbte.a(hci.o)
                0x8000e7e0                hci_read_buffer_size
 .text.hci_read_bd_addr
                0x8000e840       0x60 /Users/thomasfinch/devkitPro/libogc/lib/wii/libbte.a(hci.o)
                0x8000e840                hci_read_bd_addr
 .text.hci_read_local_version
                0x8000e8a0       0x60 /Users/thomasfinch/devkitPro/libogc/lib/wii/libbte.a(hci.o)
                0x8000e8a0                hci_read_local_version
 .text.hci_read_local_features
                0x8000e900       0x60 /Users/thomasfinch/devkitPro/libogc/lib/wii/libbte.a(hci.o)
                0x8000e900                hci_read_local_features
 .text.hci_read_stored_link_key
                0x8000e960       0xa8 /Users/thomasfinch/devkitPro/libogc/lib/wii/libbte.a(hci.o)
                0x8000e960                hci_read_stored_link_key
 .text.hci_write_page_timeout
                0x8000ea08       0x7c /Users/thomasfinch/devkitPro/libogc/lib/wii/libbte.a(hci.o)
                0x8000ea08                hci_write_page_timeout
 .text.hci_write_scan_enable
                0x8000ea84       0x6c /Users/thomasfinch/devkitPro/libogc/lib/wii/libbte.a(hci.o)
                0x8000ea84                hci_write_scan_enable
 .text.hci_accecpt_conn_request
                0x8000eaf0       0x80 /Users/thomasfinch/devkitPro/libogc/lib/wii/libbte.a(hci.o)
                0x8000eaf0                hci_accecpt_conn_request
 .text.hci_write_local_name
                0x8000eb70       0x80 /Users/thomasfinch/devkitPro/libogc/lib/wii/libbte.a(hci.o)
                0x8000eb70                hci_write_local_name
 .text.hci_write_pin_type
                0x8000ebf0       0x6c /Users/thomasfinch/devkitPro/libogc/lib/wii/libbte.a(hci.o)
                0x8000ebf0                hci_write_pin_type
 .text.hci_write_inquiry_mode
                0x8000ec5c       0x6c /Users/thomasfinch/devkitPro/libogc/lib/wii/libbte.a(hci.o)
                0x8000ec5c                hci_write_inquiry_mode
 .text.hci_write_page_scan_type
                0x8000ecc8       0x6c /Users/thomasfinch/devkitPro/libogc/lib/wii/libbte.a(hci.o)
                0x8000ecc8                hci_write_page_scan_type
 .text.hci_write_inquiry_scan_type
                0x8000ed34       0x6c /Users/thomasfinch/devkitPro/libogc/lib/wii/libbte.a(hci.o)
                0x8000ed34                hci_write_inquiry_scan_type
 .text.hci_vendor_specific_command
                0x8000eda0       0x8c /Users/thomasfinch/devkitPro/libogc/lib/wii/libbte.a(hci.o)
                0x8000eda0                hci_vendor_specific_command
 .text.hci_write_link_policy_settings
                0x8000ee2c       0xa8 /Users/thomasfinch/devkitPro/libogc/lib/wii/libbte.a(hci.o)
                0x8000ee2c                hci_write_link_policy_settings
 .text.hci_pin_code_request_neg_reply
                0x8000eed4       0x74 /Users/thomasfinch/devkitPro/libogc/lib/wii/libbte.a(hci.o)
                0x8000eed4                hci_pin_code_request_neg_reply
 .text.hci_disconnect
                0x8000ef48       0x9c /Users/thomasfinch/devkitPro/libogc/lib/wii/libbte.a(hci.o)
                0x8000ef48                hci_disconnect
 .text.hci_write_cod
                0x8000efe4       0x78 /Users/thomasfinch/devkitPro/libogc/lib/wii/libbte.a(hci.o)
                0x8000efe4                hci_write_cod
 .text.hci_host_buffer_size
                0x8000f05c       0xcc /Users/thomasfinch/devkitPro/libogc/lib/wii/libbte.a(hci.o)
                0x8000f05c                hci_host_buffer_size
 .text.hci_host_num_comp_packets
                0x8000f128       0xb0 /Users/thomasfinch/devkitPro/libogc/lib/wii/libbte.a(hci.o)
                0x8000f128                hci_host_num_comp_packets
 .text.lp_pdu_maxsize
                0x8000f1d8        0xc /Users/thomasfinch/devkitPro/libogc/lib/wii/libbte.a(hci.o)
                0x8000f1d8                lp_pdu_maxsize
 .text.lp_acl_write
                0x8000f1e4      0x120 /Users/thomasfinch/devkitPro/libogc/lib/wii/libbte.a(hci.o)
                0x8000f1e4                lp_acl_write
 .text.lp_write_flush_timeout
                0x8000f304       0xa8 /Users/thomasfinch/devkitPro/libogc/lib/wii/libbte.a(hci.o)
                0x8000f304                lp_write_flush_timeout
 .text.hci_event_handler
                0x8000f3ac      0xa78 /Users/thomasfinch/devkitPro/libogc/lib/wii/libbte.a(hci.o)
                0x8000f3ac                hci_event_handler
 .text.hci_acldata_handler
                0x8000fe24       0xd8 /Users/thomasfinch/devkitPro/libogc/lib/wii/libbte.a(hci.o)
                0x8000fe24                hci_acldata_handler
 .text.l2cap_cid_alloc
                0x8000fefc       0x4c /Users/thomasfinch/devkitPro/libogc/lib/wii/libbte.a(l2cap.o)
 .text.l2cap_init
                0x8000ff48       0x60 /Users/thomasfinch/devkitPro/libogc/lib/wii/libbte.a(l2cap.o)
                0x8000ff48                l2cap_init
 .text.l2cap_write
                0x8000ffa8       0xd8 /Users/thomasfinch/devkitPro/libogc/lib/wii/libbte.a(l2cap.o)
                0x8000ffa8                l2cap_write
 .text.l2cap_new
                0x80010080       0x68 /Users/thomasfinch/devkitPro/libogc/lib/wii/libbte.a(l2cap.o)
                0x80010080                l2cap_new
 .text.l2cap_close
                0x800100e8      0x16c /Users/thomasfinch/devkitPro/libogc/lib/wii/libbte.a(l2cap.o)
                0x800100e8                l2cap_close
 .text.l2cap_reset_all
                0x80010254      0x108 /Users/thomasfinch/devkitPro/libogc/lib/wii/libbte.a(l2cap.o)
                0x80010254                l2cap_reset_all
 .text.l2cap_rexmit_signal
                0x8001035c       0x10 /Users/thomasfinch/devkitPro/libogc/lib/wii/libbte.a(l2cap.o)
                0x8001035c                l2cap_rexmit_signal
 .text.l2ca_datawrite
                0x8001036c       0xf8 /Users/thomasfinch/devkitPro/libogc/lib/wii/libbte.a(l2cap.o)
                0x8001036c                l2ca_datawrite
 .text.lp_connect_ind
                0x80010464        0x4 /Users/thomasfinch/devkitPro/libogc/lib/wii/libbte.a(l2cap.o)
                0x80010464                lp_connect_ind
 .text.lp_disconnect_ind
                0x80010468       0xf4 /Users/thomasfinch/devkitPro/libogc/lib/wii/libbte.a(l2cap.o)
                0x80010468                lp_disconnect_ind
 .text.l2cap_disconnect_bb
                0x8001055c       0x10 /Users/thomasfinch/devkitPro/libogc/lib/wii/libbte.a(l2cap.o)
                0x8001055c                l2cap_disconnect_bb
 .text.l2cap_next_sigid
                0x8001056c       0x28 /Users/thomasfinch/devkitPro/libogc/lib/wii/libbte.a(l2cap.o)
                0x8001056c                l2cap_next_sigid
 .text.l2cap_signal
                0x80010594      0x188 /Users/thomasfinch/devkitPro/libogc/lib/wii/libbte.a(l2cap.o)
                0x80010594                l2cap_signal
 .text.l2ca_config_req
                0x8001071c      0x10c /Users/thomasfinch/devkitPro/libogc/lib/wii/libbte.a(l2cap.o)
                0x8001071c                l2ca_config_req
 .text.l2ca_disconnect_req
                0x80010828       0xb4 /Users/thomasfinch/devkitPro/libogc/lib/wii/libbte.a(l2cap.o)
                0x80010828                l2ca_disconnect_req
 .text.l2cap_tmr
                0x800108dc      0x1e8 /Users/thomasfinch/devkitPro/libogc/lib/wii/libbte.a(l2cap.o)
                0x800108dc                l2cap_tmr
 .text.l2cap_process_sig
                0x80010ac4     0x103c /Users/thomasfinch/devkitPro/libogc/lib/wii/libbte.a(l2cap.o)
                0x80010ac4                l2cap_process_sig
 .text.lp_connect_cfm
                0x80011b00      0x134 /Users/thomasfinch/devkitPro/libogc/lib/wii/libbte.a(l2cap.o)
                0x80011b00                lp_connect_cfm
 .text.l2cap_input
                0x80011c34      0x504 /Users/thomasfinch/devkitPro/libogc/lib/wii/libbte.a(l2cap.o)
                0x80011c34                l2cap_input
 .text.l2cap_arg
                0x80012138        0x8 /Users/thomasfinch/devkitPro/libogc/lib/wii/libbte.a(l2cap.o)
                0x80012138                l2cap_arg
 .text.l2cap_connect_ind
                0x80012140       0xdc /Users/thomasfinch/devkitPro/libogc/lib/wii/libbte.a(l2cap.o)
                0x80012140                l2cap_connect_ind
 .text.l2cap_disconnect_ind
                0x8001221c        0x8 /Users/thomasfinch/devkitPro/libogc/lib/wii/libbte.a(l2cap.o)
                0x8001221c                l2cap_disconnect_ind
 .text.l2cap_recv
                0x80012224        0x8 /Users/thomasfinch/devkitPro/libogc/lib/wii/libbte.a(l2cap.o)
                0x80012224                l2cap_recv
 .text.btmemb_init
                0x8001222c       0x24 /Users/thomasfinch/devkitPro/libogc/lib/wii/libbte.a(btmemb.o)
                0x8001222c                btmemb_init
 .text.btmemb_alloc
                0x80012250       0x9c /Users/thomasfinch/devkitPro/libogc/lib/wii/libbte.a(btmemb.o)
                0x80012250                btmemb_alloc
 .text.btmemb_free
                0x800122ec       0xa4 /Users/thomasfinch/devkitPro/libogc/lib/wii/libbte.a(btmemb.o)
                0x800122ec                btmemb_free
 .text.plug_holes
                0x80012390       0xa8 /Users/thomasfinch/devkitPro/libogc/lib/wii/libbte.a(btmemr.o)
 .text.btmemr_init
                0x80012438       0x94 /Users/thomasfinch/devkitPro/libogc/lib/wii/libbte.a(btmemr.o)
                0x80012438                btmemr_init
 .text.btmemr_malloc
                0x800124cc      0x158 /Users/thomasfinch/devkitPro/libogc/lib/wii/libbte.a(btmemr.o)
                0x800124cc                btmemr_malloc
 .text.btmemr_free
                0x80012624       0x94 /Users/thomasfinch/devkitPro/libogc/lib/wii/libbte.a(btmemr.o)
                0x80012624                btmemr_free
 .text.btmemr_realloc
                0x800126b8       0xfc /Users/thomasfinch/devkitPro/libogc/lib/wii/libbte.a(btmemr.o)
                0x800126b8                btmemr_realloc
 .text.btpbuf_init
                0x800127b4       0x28 /Users/thomasfinch/devkitPro/libogc/lib/wii/libbte.a(btpbuf.o)
                0x800127b4                btpbuf_init
 .text.btpbuf_free
                0x800127dc       0xd0 /Users/thomasfinch/devkitPro/libogc/lib/wii/libbte.a(btpbuf.o)
                0x800127dc                btpbuf_free
 .text.btpbuf_alloc
                0x800128ac      0x1bc /Users/thomasfinch/devkitPro/libogc/lib/wii/libbte.a(btpbuf.o)
                0x800128ac                btpbuf_alloc
 .text.btpbuf_realloc
                0x80012a68       0xa0 /Users/thomasfinch/devkitPro/libogc/lib/wii/libbte.a(btpbuf.o)
                0x80012a68                btpbuf_realloc
 .text.btpbuf_header
                0x80012b08       0x84 /Users/thomasfinch/devkitPro/libogc/lib/wii/libbte.a(btpbuf.o)
                0x80012b08                btpbuf_header
 .text.btpbuf_ref
                0x80012b8c       0x50 /Users/thomasfinch/devkitPro/libogc/lib/wii/libbte.a(btpbuf.o)
                0x80012b8c                btpbuf_ref
 .text.btpbuf_cat
                0x80012bdc       0x48 /Users/thomasfinch/devkitPro/libogc/lib/wii/libbte.a(btpbuf.o)
                0x80012bdc                btpbuf_cat
 .text.btpbuf_chain
                0x80012c24       0x30 /Users/thomasfinch/devkitPro/libogc/lib/wii/libbte.a(btpbuf.o)
                0x80012c24                btpbuf_chain
 .text.btpbuf_dechain
                0x80012c54       0x60 /Users/thomasfinch/devkitPro/libogc/lib/wii/libbte.a(btpbuf.o)
                0x80012c54                btpbuf_dechain
 .text.btpbuf_take
                0x80012cb4       0xec /Users/thomasfinch/devkitPro/libogc/lib/wii/libbte.a(btpbuf.o)
                0x80012cb4                btpbuf_take
 .text.__usb_closeCB
                0x80012da0       0x10 /Users/thomasfinch/devkitPro/libogc/lib/wii/libbte.a(physbusif.o)
 .text.__writebulkmsgCB
                0x80012db0       0x30 /Users/thomasfinch/devkitPro/libogc/lib/wii/libbte.a(physbusif.o)
 .text.__writectrlmsgCB
                0x80012de0       0x30 /Users/thomasfinch/devkitPro/libogc/lib/wii/libbte.a(physbusif.o)
 .text.__issue_intrread.part.0
                0x80012e10       0x80 /Users/thomasfinch/devkitPro/libogc/lib/wii/libbte.a(physbusif.o)
 .text.__readintrdataCB
                0x80012e90      0x104 /Users/thomasfinch/devkitPro/libogc/lib/wii/libbte.a(physbusif.o)
 .text.__issue_bulkread.part.2
                0x80012f94       0x80 /Users/thomasfinch/devkitPro/libogc/lib/wii/libbte.a(physbusif.o)
 .text.__readbulkdataCB
                0x80013014      0x104 /Users/thomasfinch/devkitPro/libogc/lib/wii/libbte.a(physbusif.o)
 .text.physbusif_init
                0x80013118      0x1ac /Users/thomasfinch/devkitPro/libogc/lib/wii/libbte.a(physbusif.o)
                0x80013118                physbusif_init
 .text.physbusif_close
                0x800132c4       0x28 /Users/thomasfinch/devkitPro/libogc/lib/wii/libbte.a(physbusif.o)
                0x800132c4                physbusif_close
 .text.physbusif_shutdown
                0x800132ec       0x24 /Users/thomasfinch/devkitPro/libogc/lib/wii/libbte.a(physbusif.o)
                0x800132ec                physbusif_shutdown
 .text.physbusif_reset_all
                0x80013310        0x4 /Users/thomasfinch/devkitPro/libogc/lib/wii/libbte.a(physbusif.o)
                0x80013310                physbusif_reset_all
 .text.physbusif_output
                0x80013314      0x14c /Users/thomasfinch/devkitPro/libogc/lib/wii/libbte.a(physbusif.o)
                0x80013314                physbusif_output
 .text.__lwp_queue_initialize
                0x80013460       0x3c /Users/thomasfinch/devkitPro/libogc/lib/wii/libogc.a(lwp_queue.o)
                0x80013460                __lwp_queue_initialize
 .text.__lwp_queue_get
                0x8001349c       0x64 /Users/thomasfinch/devkitPro/libogc/lib/wii/libogc.a(lwp_queue.o)
                0x8001349c                __lwp_queue_get
 .text.__lwp_queue_append
                0x80013500       0x54 /Users/thomasfinch/devkitPro/libogc/lib/wii/libogc.a(lwp_queue.o)
                0x80013500                __lwp_queue_append
 .text.__lwp_priomap_addto
                0x80013554       0x28 /Users/thomasfinch/devkitPro/libogc/lib/wii/libogc.a(lwp_threads.o)
 .text.__lwp_thread_calcheir
                0x8001357c       0x3c /Users/thomasfinch/devkitPro/libogc/lib/wii/libogc.a(lwp_threads.o)
 .text.__lwp_thread_dispatchunnest
                0x800135b8       0x10 /Users/thomasfinch/devkitPro/libogc/lib/wii/libogc.a(lwp_threads.o)
 .text.__lwp_priomap_removefrom
                0x800135c8       0x38 /Users/thomasfinch/devkitPro/libogc/lib/wii/libogc.a(lwp_threads.o)
 .text.__lwp_wd_insert_ticks.constprop.4
                0x80013600       0x5c /Users/thomasfinch/devkitPro/libogc/lib/wii/libogc.a(lwp_threads.o)
 .text.__lwp_isr_in_progress
                0x8001365c        0x8 /Users/thomasfinch/devkitPro/libogc/lib/wii/libogc.a(lwp_threads.o)
                0x8001365c                __lwp_isr_in_progress
 .text.__thread_dispatch_fp
                0x80013664       0x7c /Users/thomasfinch/devkitPro/libogc/lib/wii/libogc.a(lwp_threads.o)
                0x80013664                __thread_dispatch_fp
 .text.__thread_dispatch
                0x800136e0       0xdc /Users/thomasfinch/devkitPro/libogc/lib/wii/libogc.a(lwp_threads.o)
                0x800136e0                __thread_dispatch
 .text.__lwp_thread_dispatchenable
                0x800137bc       0x18 /Users/thomasfinch/devkitPro/libogc/lib/wii/libogc.a(lwp_threads.o)
 .text.__lwp_thread_resettimeslice
                0x800137d4       0xb8 /Users/thomasfinch/devkitPro/libogc/lib/wii/libogc.a(lwp_threads.o)
                0x800137d4                __lwp_thread_resettimeslice
 .text.__lwp_thread_tickle_timeslice
                0x8001388c       0x7c /Users/thomasfinch/devkitPro/libogc/lib/wii/libogc.a(lwp_threads.o)
                0x8001388c                __lwp_thread_tickle_timeslice
 .text.__lwp_thread_setstate
                0x80013908       0xf4 /Users/thomasfinch/devkitPro/libogc/lib/wii/libogc.a(lwp_threads.o)
                0x80013908                __lwp_thread_setstate
 .text.__lwp_thread_clearstate
                0x800139fc       0xe8 /Users/thomasfinch/devkitPro/libogc/lib/wii/libogc.a(lwp_threads.o)
                0x800139fc                __lwp_thread_clearstate
 .text.__lwp_thread_delayended
                0x80013ae4       0x3c /Users/thomasfinch/devkitPro/libogc/lib/wii/libogc.a(lwp_threads.o)
                0x80013ae4                __lwp_thread_delayended
 .text.__lwp_thread_setpriority
                0x80013b20       0x5c /Users/thomasfinch/devkitPro/libogc/lib/wii/libogc.a(lwp_threads.o)
                0x80013b20                __lwp_thread_setpriority
 .text.__lwp_thread_suspend
                0x80013b7c      0x104 /Users/thomasfinch/devkitPro/libogc/lib/wii/libogc.a(lwp_threads.o)
                0x80013b7c                __lwp_thread_suspend
 .text.__lwp_thread_settransient
                0x80013c80       0xa4 /Users/thomasfinch/devkitPro/libogc/lib/wii/libogc.a(lwp_threads.o)
                0x80013c80                __lwp_thread_settransient
 .text.__lwp_thread_changepriority
                0x80013d24      0x118 /Users/thomasfinch/devkitPro/libogc/lib/wii/libogc.a(lwp_threads.o)
                0x80013d24                __lwp_thread_changepriority
 .text.__lwp_thread_resume
                0x80013e3c      0x130 /Users/thomasfinch/devkitPro/libogc/lib/wii/libogc.a(lwp_threads.o)
                0x80013e3c                __lwp_thread_resume
 .text.__lwp_thread_loadenv
                0x80013f6c       0x78 /Users/thomasfinch/devkitPro/libogc/lib/wii/libogc.a(lwp_threads.o)
                0x80013f6c                __lwp_thread_loadenv
 .text.__lwp_thread_ready
                0x80013fe4       0xc8 /Users/thomasfinch/devkitPro/libogc/lib/wii/libogc.a(lwp_threads.o)
                0x80013fe4                __lwp_thread_ready
 .text.__lwp_thread_init
                0x800140ac       0xf8 /Users/thomasfinch/devkitPro/libogc/lib/wii/libogc.a(lwp_threads.o)
                0x800140ac                __lwp_thread_init
 .text.__lwp_thread_close
                0x800141a4      0x114 /Users/thomasfinch/devkitPro/libogc/lib/wii/libogc.a(lwp_threads.o)
                0x800141a4                __lwp_thread_close
 .text.__lwp_thread_closeall
                0x800142b8       0x90 /Users/thomasfinch/devkitPro/libogc/lib/wii/libogc.a(lwp_threads.o)
                0x800142b8                __lwp_thread_closeall
 .text.__lwp_thread_exit
                0x80014348       0x38 /Users/thomasfinch/devkitPro/libogc/lib/wii/libogc.a(lwp_threads.o)
                0x80014348                __lwp_thread_exit
 .text.__lwp_thread_handler
                0x80014380       0x64 /Users/thomasfinch/devkitPro/libogc/lib/wii/libogc.a(lwp_threads.o)
 .text.__lwp_thread_start
                0x800143e4       0x50 /Users/thomasfinch/devkitPro/libogc/lib/wii/libogc.a(lwp_threads.o)
                0x800143e4                __lwp_thread_start
 .text.__lwp_thread_startmultitasking
                0x80014434       0x70 /Users/thomasfinch/devkitPro/libogc/lib/wii/libogc.a(lwp_threads.o)
                0x80014434                __lwp_thread_startmultitasking
 .text.__lwp_thread_stopmultitasking
                0x800144a4       0x58 /Users/thomasfinch/devkitPro/libogc/lib/wii/libogc.a(lwp_threads.o)
                0x800144a4                __lwp_thread_stopmultitasking
 .text.__lwp_thread_coreinit
                0x800144fc       0xc0 /Users/thomasfinch/devkitPro/libogc/lib/wii/libogc.a(lwp_threads.o)
                0x800144fc                __lwp_thread_coreinit
 .text.__lwp_thread_dispatchdisable
                0x800145bc       0x10 /Users/thomasfinch/devkitPro/libogc/lib/wii/libogc.a(lwp.o)
 .text.idle_func
                0x800145cc        0x4 /Users/thomasfinch/devkitPro/libogc/lib/wii/libogc.a(lwp.o)
 .text.__lwp_thread_dispatchenable
                0x800145d0       0x18 /Users/thomasfinch/devkitPro/libogc/lib/wii/libogc.a(lwp.o)
 .text.__lwp_cntrl_open
                0x800145e8       0x30 /Users/thomasfinch/devkitPro/libogc/lib/wii/libogc.a(lwp.o)
 .text.__lwp_tqueue_open
                0x80014618       0x30 /Users/thomasfinch/devkitPro/libogc/lib/wii/libogc.a(lwp.o)
 .text.__lwp_sysinit
                0x80014648      0x108 /Users/thomasfinch/devkitPro/libogc/lib/wii/libogc.a(lwp.o)
                0x80014648                __lwp_sysinit
 .text.LWP_SuspendThread
                0x80014750       0x54 /Users/thomasfinch/devkitPro/libogc/lib/wii/libogc.a(lwp.o)
                0x80014750                LWP_SuspendThread
 .text.LWP_ResumeThread
                0x800147a4       0x58 /Users/thomasfinch/devkitPro/libogc/lib/wii/libogc.a(lwp.o)
                0x800147a4                LWP_ResumeThread
 .text.LWP_GetSelf
                0x800147fc       0x38 /Users/thomasfinch/devkitPro/libogc/lib/wii/libogc.a(lwp.o)
                0x800147fc                LWP_GetSelf
 .text.LWP_InitQueue
                0x80014834       0x94 /Users/thomasfinch/devkitPro/libogc/lib/wii/libogc.a(lwp.o)
                0x80014834                LWP_InitQueue
 .text.LWP_CloseQueue
                0x800148c8       0x78 /Users/thomasfinch/devkitPro/libogc/lib/wii/libogc.a(lwp.o)
                0x800148c8                LWP_CloseQueue
 .text.LWP_ThreadSleep
                0x80014940       0xa0 /Users/thomasfinch/devkitPro/libogc/lib/wii/libogc.a(lwp.o)
                0x80014940                LWP_ThreadSleep
 .text.LWP_ThreadBroadcast
                0x800149e0       0x4c /Users/thomasfinch/devkitPro/libogc/lib/wii/libogc.a(lwp.o)
                0x800149e0                LWP_ThreadBroadcast
 .text.LWP_ThreadSignal
                0x80014a2c       0x40 /Users/thomasfinch/devkitPro/libogc/lib/wii/libogc.a(lwp.o)
                0x80014a2c                LWP_ThreadSignal
 .text.__lwp_stack_allocate
                0x80014a6c       0x50 /Users/thomasfinch/devkitPro/libogc/lib/wii/libogc.a(lwp_stack.o)
                0x80014a6c                __lwp_stack_allocate
 .text.__lwp_stack_free
                0x80014abc       0x20 /Users/thomasfinch/devkitPro/libogc/lib/wii/libogc.a(lwp_stack.o)
                0x80014abc                __lwp_stack_free
 .text.__lwp_wd_settimer.isra.3
                0x80014adc       0x9c /Users/thomasfinch/devkitPro/libogc/lib/wii/libogc.a(lwp_watchdog.o)
 .text.__lwp_watchdog_init
                0x80014b78       0x2c /Users/thomasfinch/devkitPro/libogc/lib/wii/libogc.a(lwp_watchdog.o)
                0x80014b78                __lwp_watchdog_init
 .text.__lwp_wd_insert
                0x80014ba4      0x14c /Users/thomasfinch/devkitPro/libogc/lib/wii/libogc.a(lwp_watchdog.o)
                0x80014ba4                __lwp_wd_insert
 .text.__lwp_wd_remove
                0x80014cf0       0xd4 /Users/thomasfinch/devkitPro/libogc/lib/wii/libogc.a(lwp_watchdog.o)
                0x80014cf0                __lwp_wd_remove
 .text.__lwp_wd_tickle
                0x80014dc4       0xe8 /Users/thomasfinch/devkitPro/libogc/lib/wii/libogc.a(lwp_watchdog.o)
                0x80014dc4                __lwp_wd_tickle
 .text.__lwp_wkspace_init
                0x80014eac       0xa4 /Users/thomasfinch/devkitPro/libogc/lib/wii/libogc.a(lwp_wkspace.o)
                0x80014eac                __lwp_wkspace_init
 .text.__lwp_objmgr_initinfo
                0x80014f50      0x140 /Users/thomasfinch/devkitPro/libogc/lib/wii/libogc.a(lwp_objmgr.o)
                0x80014f50                __lwp_objmgr_initinfo
 .text.__lwp_objmgr_getisrdisable
                0x80015090       0x68 /Users/thomasfinch/devkitPro/libogc/lib/wii/libogc.a(lwp_objmgr.o)
                0x80015090                __lwp_objmgr_getisrdisable
 .text.__lwp_objmgr_getnoprotection
                0x800150f8       0x24 /Users/thomasfinch/devkitPro/libogc/lib/wii/libogc.a(lwp_objmgr.o)
                0x800150f8                __lwp_objmgr_getnoprotection
 .text.__lwp_objmgr_get
                0x8001511c       0x68 /Users/thomasfinch/devkitPro/libogc/lib/wii/libogc.a(lwp_objmgr.o)
                0x8001511c                __lwp_objmgr_get
 .text.__lwp_objmgr_allocate
                0x80015184       0x78 /Users/thomasfinch/devkitPro/libogc/lib/wii/libogc.a(lwp_objmgr.o)
                0x80015184                __lwp_objmgr_allocate
 .text.__lwp_objmgr_free
                0x800151fc       0x64 /Users/thomasfinch/devkitPro/libogc/lib/wii/libogc.a(lwp_objmgr.o)
                0x800151fc                __lwp_objmgr_free
 .text.__lwp_heap_init
                0x80015260       0xb8 /Users/thomasfinch/devkitPro/libogc/lib/wii/libogc.a(lwp_heap.o)
                0x80015260                __lwp_heap_init
 .text.__lwp_heap_allocate
                0x80015318      0x130 /Users/thomasfinch/devkitPro/libogc/lib/wii/libogc.a(lwp_heap.o)
                0x80015318                __lwp_heap_allocate
 .text.__lwp_heap_free
                0x80015448      0x1d8 /Users/thomasfinch/devkitPro/libogc/lib/wii/libogc.a(lwp_heap.o)
                0x80015448                __lwp_heap_free
 .text.__SetInterrupts
                0x80015620      0x288 /Users/thomasfinch/devkitPro/libogc/lib/wii/libogc.a(irq.o)